Archive member included to satisfy reference by file (symbol)

/opt/devkitpro/devkitARM/bin/../lib/gcc/arm-none-eabi/15.1.0/thumb/libgcc.a(_call_via_rX.o)
                              mm_main_gba.o (_call_via_r1)
/opt/devkitpro/devkitARM/bin/../lib/gcc/arm-none-eabi/15.1.0/thumb/libgcc.a(_aeabi_ldivmod.o)
                              bn_hw_text.o (__aeabi_ldivmod)
/opt/devkitpro/devkitARM/bin/../lib/gcc/arm-none-eabi/15.1.0/thumb/libgcc.a(_aeabi_uldivmod.o)
                              bn_hw_text.o (__aeabi_uldivmod)
/opt/devkitpro/devkitARM/bin/../lib/gcc/arm-none-eabi/15.1.0/thumb/libgcc.a(_sync_none.o)
                              (__sync_synchronize_none)
/opt/devkitpro/devkitARM/bin/../lib/gcc/arm-none-eabi/15.1.0/thumb/libgcc.a(_udivmoddi4.o)
                              /opt/devkitpro/devkitARM/bin/../lib/gcc/arm-none-eabi/15.1.0/thumb/libgcc.a(_aeabi_ldivmod.o) (__udivmoddi4)

Discarded input sections

 .text          0x00000000        0x0 /opt/devkitpro/devkitARM/bin/../lib/gcc/arm-none-eabi/15.1.0/../../../../arm-none-eabi/lib/thumb/gba_crt0.o
 .data          0x00000000        0x0 /opt/devkitpro/devkitARM/bin/../lib/gcc/arm-none-eabi/15.1.0/../../../../arm-none-eabi/lib/thumb/gba_crt0.o
 .bss           0x00000000        0x0 /opt/devkitpro/devkitARM/bin/../lib/gcc/arm-none-eabi/15.1.0/../../../../arm-none-eabi/lib/thumb/gba_crt0.o
 .text          0x00000000        0x0 /opt/devkitpro/devkitARM/bin/../lib/gcc/arm-none-eabi/15.1.0/thumb/crti.o
 .data          0x00000000        0x0 /opt/devkitpro/devkitARM/bin/../lib/gcc/arm-none-eabi/15.1.0/thumb/crti.o
 .bss           0x00000000        0x0 /opt/devkitpro/devkitARM/bin/../lib/gcc/arm-none-eabi/15.1.0/thumb/crti.o
 .text          0x00000000        0x0 /opt/devkitpro/devkitARM/bin/../lib/gcc/arm-none-eabi/15.1.0/thumb/crtbegin.o
 .data          0x00000000        0x0 /opt/devkitpro/devkitARM/bin/../lib/gcc/arm-none-eabi/15.1.0/thumb/crtbegin.o
 .bss           0x00000000        0x0 /opt/devkitpro/devkitARM/bin/../lib/gcc/arm-none-eabi/15.1.0/thumb/crtbegin.o
 .rodata.all_implied_fbits
                0x00000000       0x24 /opt/devkitpro/devkitARM/bin/../lib/gcc/arm-none-eabi/15.1.0/thumb/crtbegin.o
 .text          0x00000000        0x0 bn_audio_soundbank.bin.o
 .data          0x00000000        0x0 bn_audio_soundbank.bin.o
 .bss           0x00000000        0x0 bn_audio_soundbank.bin.o
 .text          0x00000000        0x0 main.o
 .data          0x00000000        0x0 main.o
 .bss           0x00000000        0x0 main.o
 .group         0x00000000        0xc bn_affine_bg_animate_actions.o
 .group         0x00000000        0xc bn_affine_bg_animate_actions.o
 .group         0x00000000        0xc bn_affine_bg_animate_actions.o
 .group         0x00000000        0xc bn_affine_bg_animate_actions.o
 .group         0x00000000        0xc bn_affine_bg_animate_actions.o
 .group         0x00000000        0xc bn_affine_bg_animate_actions.o
 .group         0x00000000        0xc bn_affine_bg_animate_actions.o
 .group         0x00000000        0xc bn_affine_bg_animate_actions.o
 .group         0x00000000        0xc bn_affine_bg_animate_actions.o
 .text          0x00000000        0x0 bn_affine_bg_animate_actions.o
 .data          0x00000000        0x0 bn_affine_bg_animate_actions.o
 .bss           0x00000000        0x0 bn_affine_bg_animate_actions.o
 .text._ZN2bn25iaffine_bg_animate_action9_set_refsERNS_13affine_bg_ptrERNS_18affine_bg_map_itemERNS_7ivectorItEE
                0x00000000        0x4 bn_affine_bg_animate_actions.o
 .text._ZN2bn25iaffine_bg_animate_action7_assignERKS0_
                0x00000000       0x10 bn_affine_bg_animate_actions.o
 .text._ZN2bn32iaffine_bg_cached_animate_action9_set_refsERNS_13affine_bg_ptrERNS_7ivectorINS_17affine_bg_map_ptrEEE
                0x00000000        0x4 bn_affine_bg_animate_actions.o
 .text._ZN2bn32iaffine_bg_cached_animate_action7_assignERKS0_
                0x00000000       0x10 bn_affine_bg_animate_actions.o
 .text._ZN3_bn6assert9show_argsIJA16_ciA4_ciEEEvPKcS5_S5_iDpRKT_
                0x00000000       0x58 bn_affine_bg_animate_actions.o
 .text._ZN3_bn6assert9show_argsIJA23_ciA4_ciEEEvPKcS5_S5_iDpRKT_
                0x00000000       0x58 bn_affine_bg_animate_actions.o
 .rodata._ZN2bn25iaffine_bg_animate_action6updateEv.str1.4
                0x00000000       0x90 bn_affine_bg_animate_actions.o
 .text._ZN2bn25iaffine_bg_animate_action6updateEv
                0x00000000       0xb8 bn_affine_bg_animate_actions.o
 .text._ZN2bn32iaffine_bg_cached_animate_action6updateEv
                0x00000000       0xa4 bn_affine_bg_animate_actions.o
 .text._ZN3_bn6assert9show_argsIA23_ciEEvPKcS4_S4_iRKT_RKT0_
                0x00000000       0x54 bn_affine_bg_animate_actions.o
 .rodata._ZN2bn25iaffine_bg_animate_action16set_wait_updatesEi.str1.4
                0x00000000       0x98 bn_affine_bg_animate_actions.o
 .text._ZN2bn25iaffine_bg_animate_action16set_wait_updatesEi
[...]
Memory Configuration

Name             Origin             Length             Attributes
rom              0x08000000         0x02000000
iwram            0x03000000         0x00008000
ewram            0x02000000         0x00040000
*default*        0x00000000         0xffffffff

Linker script and memory map

                0x00000000                        __sync_synchronize = __sync_synchronize_none
                0x08000000                        __text_start = ORIGIN (rom)
                0x02040000                        __eheap_end = (ORIGIN (ewram) + LENGTH (ewram))
                0x03000000                        __iwram_start = ORIGIN (iwram)
                0x03008000                        __iwram_top = (ORIGIN (iwram) + LENGTH (iwram))
                0x03007fa0                        __sp_irq = (__iwram_top - 0x60)
                0x03007f00                        __sp_usr = (__sp_irq - 0xa0)
                0x03007ff8                        __irq_flags = 0x3007ff8
                0x08000000                        . = __text_start

.crt0           0x08000000      0x210
 *(.crt0)
 .crt0          0x08000000      0x210 /opt/devkitpro/devkitARM/bin/../lib/gcc/arm-none-eabi/15.1.0/../../../../arm-none-eabi/lib/thumb/gba_crt0.o
                0x08000000                _start
                0x080000c4                __boot_method
                0x080000c5                __slave_number
                0x080000e0                start_vector
                0x08000210                        . = ALIGN (0x4)

.init           0x08000210        0xc
 *(SORT_NONE(.init))
 .init          0x08000210        0x4 /opt/devkitpro/devkitARM/bin/../lib/gcc/arm-none-eabi/15.1.0/thumb/crti.o
                0x08000210                _init
 .init          0x08000214        0x8 /opt/devkitpro/devkitARM/bin/../lib/gcc/arm-none-eabi/15.1.0/thumb/crtn.o

.plt            0x0800021c        0x0
 *(.plt)
                0x0800021c                        . = ALIGN (0x4)

.text           0x08000220     0xe1e8
 *(EXCLUDE_FILE(*.iwram*) .text*)
 .text.__do_global_dtors_aux
                0x08000220       0x2c /opt/devkitpro/devkitARM/bin/../lib/gcc/arm-none-eabi/15.1.0/thumb/crtbegin.o
 .text.frame_dummy
                0x0800024c       0x24 /opt/devkitpro/devkitARM/bin/../lib/gcc/arm-none-eabi/15.1.0/thumb/crtbegin.o
 .text.startup.main
                0x08000270        0xc main.o
                0x08000270                main
 .text._ZN2bn13ostringstream11append_argsIiJA4_ciEEEvRKT_DpRKT0_.isra.0
                0x0800027c       0x24 bn_affine_bg_animate_actions.o
 .text._ZN3_bn6assert9show_argsIA15_cEEvPKcS4_S4_iRKT_
                0x080002a0       0x48 bn_affine_bg_animate_actions.o
                0x080002a0                void _bn::assert::show_args<char [15]>(char const*, char const*, char const*, int, char const (&) [15])
 .text._ZN3_bn6assert9show_argsIA24_ciEEvPKcS4_S4_iRKT_RKT0_
                0x080002e8       0x54 bn_affine_bg_animate_actions.o
                0x080002e8                void _bn::assert::show_args<char [24], int>(char const*, char const*, char const*, int, char const (&) [24], int const&)
 .text._ZN3_bn6assert9show_argsIJA19_ciA4_ciEEEvPKcS5_S5_iDpRKT_
                0x0800033c       0x58 bn_affine_bg_animate_actions.o
                0x0800033c                void _bn::assert::show_args<char [19], int, char [4], int>(char const*, char const*, char const*, int, char const (&) [19], int const&, char const (&) [4], int const&)
 .text._ZN2bn13audio_manager4initEv
                0x08000394       0x58 bn_audio_manager.bn_noflto.o
                0x08000394                bn::audio_manager::init()
 .text._ZN2bn13audio_manager7disableEv
                0x080003ec       0x10 bn_audio_manager.bn_noflto.o
                0x080003ec                bn::audio_manager::disable()
 .text._ZN2bn13audio_manager10sound_dataEt
                0x080003fc       0x6c bn_audio_manager.bn_noflto.o
                0x080003fc                bn::audio_manager::sound_data(unsigned short)
 .text._ZN2bn13audio_manager6updateEv
                0x08000468       0x18 bn_audio_manager.bn_noflto.o
                0x08000468                bn::audio_manager::update()
 .text._ZN2bn13audio_manager13vblank_commitEv
                0x08000480       0x2c bn_audio_manager.bn_noflto.o
                0x08000480                bn::audio_manager::vblank_commit()
 .text._ZN2bn13audio_manager14delayed_commitEv
                0x080004ac       0x34 bn_audio_manager.bn_noflto.o
                0x080004ac                bn::audio_manager::delayed_commit()
 .text._ZN2bn13audio_manager4stopEv
                0x080004e0       0x78 bn_audio_manager.bn_noflto.o
                0x080004e0                bn::audio_manager::stop()
 .text._ZN3_bn6assert9show_argsIA18_ciEEvPKcS4_S4_iRKT_RKT0_
                0x08000558       0x54 bn_audio_manager.bn_noflto.o
                0x08000558                void _bn::assert::show_args<char [18], int>(char const*, char const*, char const*, int, char const (&) [18], int const&)
 .text._ZN3_bn6assert9show_argsIA14_ciEEvPKcS4_S4_iRKT_RKT0_
                0x080005ac       0x54 bn_audio_manager.bn_noflto.o
                0x080005ac                void _bn::assert::show_args<char [14], int>(char const*, char const*, char const*, int, char const (&) [14], int const&)
 .text._ZN3_bn6assert9show_argsIA26_ciEEvPKcS4_S4_iRKT_RKT0_
                0x08000600       0x54 bn_audio_manager.bn_noflto.o
                0x08000600                void _bn::assert::show_args<char [26], int>(char const*, char const*, char const*, int, char const (&) [26], int const&)
 .text._ZN3_bn6assert9show_argsIA33_cEEvPKcS4_S4_iRKT_
                0x08000654       0x48 bn_audio_manager.bn_noflto.o
                0x08000654                void _bn::assert::show_args<char [33]>(char const*, char const*, char const*, int, char const (&) [33])
 .text._ZN3_bn6assert9show_argsIA25_cEEvPKcS4_S4_iRKT_
                0x0800069c       0x48 bn_audio_manager.bn_noflto.o
                0x0800069c                void _bn::assert::show_args<char [25]>(char const*, char const*, char const*, int, char const (&) [25])
 .text._ZN3_bn6assert9show_argsIA20_cEEvPKcS4_S4_iRKT_
                0x080006e4       0x48 bn_audio_manager.bn_noflto.o
                0x080006e4                void _bn::assert::show_args<char [20]>(char const*, char const*, char const*, int, char const (&) [20])
 .text._ZN3_bn6assert9show_argsIA26_cEEvPKcS4_S4_iRKT_
                0x0800072c       0x48 bn_audio_manager.bn_noflto.o
                0x0800072c                void _bn::assert::show_args<char [26]>(char const*, char const*, char const*, int, char const (&) [26])
 .text._ZN3_bn6assert9show_argsIA25_ciEEvPKcS4_S4_iRKT_RKT0_
                0x08000774       0x54 bn_audio_manager.bn_noflto.o
                0x08000774                void _bn::assert::show_args<char [25], int>(char const*, char const*, char const*, int, char const (&) [25], int const&)
 .text._ZN2bn13audio_manager16execute_commandsEv
                0x080007c8      0x738 bn_audio_manager.bn_noflto.o
                0x080007c8                bn::audio_manager::execute_commands()
 .text._ZN3_bn6assert9show_argsIA17_cEEvPKcS4_S4_iRKT_
                0x08000f00       0x48 bn_audio_manager.bn_noflto.o
                0x08000f00                void _bn::assert::show_args<char [17]>(char const*, char const*, char const*, int, char const (&) [17])
 .text.startup._GLOBAL__sub_I__ZN2bn5audio16update_on_vblankEv
                0x08000f48       0x90 bn_audio_manager.bn_noflto.o
 .text._ZN3_bn6assert9show_argsIA23_cEEvPKcS4_S4_iRKT_
                0x08000fd8       0x48 bn_best_fit_allocator.o
                0x08000fd8                void _bn::assert::show_args<char [23]>(char const*, char const*, char const*, int, char const (&) [23])
 .text._ZN2bn18best_fit_allocatorD2Ev
                0x08001020       0x38 bn_best_fit_allocator.o
                0x08001020                bn::best_fit_allocator::~best_fit_allocator()
                0x08001020                bn::best_fit_allocator::~best_fit_allocator()
 .text._ZN3_bn6assert9show_argsIA16_ciEEvPKcS4_S4_iRKT_RKT0_
                0x08001058       0x54 bn_best_fit_allocator.o
                0x08001058                void _bn::assert::show_args<char [16], int>(char const*, char const*, char const*, int, char const (&) [16], int const&)
 .text._ZN3_bn6assert9show_argsIA14_cEEvPKcS4_S4_iRKT_
                0x080010ac       0x48 bn_best_fit_allocator.o
                0x080010ac                void _bn::assert::show_args<char [14]>(char const*, char const*, char const*, int, char const (&) [14])
 .text._ZN3_bn6assert9show_argsIA21_cEEvPKcS4_S4_iRKT_
                0x080010f4       0x48 bn_best_fit_allocator.o
                0x080010f4                void _bn::assert::show_args<char [21]>(char const*, char const*, char const*, int, char const (&) [21])
 .text._ZN2bn18best_fit_allocator5resetEPvi
                0x0800113c       0xbc bn_best_fit_allocator.o
                0x0800113c                bn::best_fit_allocator::reset(void*, int)
 .text._ZN2bn17bg_blocks_manager12_GLOBAL__N_1L17_hw_commit_offsetEPKtjtPt
                0x080011f8       0x74 bn_bg_blocks_manager.o
 .text._ZNK2bn18regular_bg_map_ptr2idEv
                0x0800126c       0x18 bn_bg_blocks_manager.o
                0x0800126c                bn::regular_bg_map_ptr::id() const
 .text._ZNK2bn18regular_bg_map_ptr10dimensionsEv
                0x08001284       0x20 bn_bg_blocks_manager.o
                0x08001284                bn::regular_bg_map_ptr::dimensions() const
 .text._ZNK2bn20regular_bg_tiles_ptr3cbbEv
                0x080012a4       0x18 bn_bg_blocks_manager.o
                0x080012a4                bn::regular_bg_tiles_ptr::cbb() const
 .text._ZNK2bn17affine_bg_map_ptr2idEv
                0x080012bc       0x18 bn_bg_blocks_manager.o
                0x080012bc                bn::affine_bg_map_ptr::id() const
 .text._ZNK2bn17affine_bg_map_ptr10dimensionsEv
                0x080012d4       0x20 bn_bg_blocks_manager.o
                0x080012d4                bn::affine_bg_map_ptr::dimensions() const
 .text._ZNK2bn19affine_bg_tiles_ptr3cbbEv
                0x080012f4       0x18 bn_bg_blocks_manager.o
                0x080012f4                bn::affine_bg_tiles_ptr::cbb() const
 .text._ZN2bn17bg_blocks_manager15decrease_usagesEi
                0x0800130c       0x98 bn_bg_blocks_manager.o
                0x0800130c                bn::bg_blocks_manager::decrease_usages(int)
 .text._ZN2bn17bg_blocks_manager12_GLOBAL__N_111static_dataD2Ev
                0x080013a4       0x50 bn_bg_blocks_manager.o
 .text._ZN2bn17bg_blocks_manager4initEv
                0x080013f4       0x90 bn_bg_blocks_manager.o
                0x080013f4                bn::bg_blocks_manager::init()
 .text._ZN2bn17bg_blocks_manager11must_commitEi
                0x08001484       0x18 bn_bg_blocks_manager.o
                0x08001484                bn::bg_blocks_manager::must_commit(int)
 .text._ZN2bn17bg_blocks_manager6updateEv
                0x0800149c      0x260 bn_bg_blocks_manager.o
                0x0800149c                bn::bg_blocks_manager::update()
 .text._ZN3_bn6assert9show_argsIA15_ciEEvPKcS4_S4_iRKT_RKT0_
                0x080016fc       0x54 bn_bg_blocks_manager.o
                0x080016fc                void _bn::assert::show_args<char [15], int>(char const*, char const*, char const*, int, char const (&) [15], int const&)
 .text._ZN3_bn6assert9show_argsIA27_ciEEvPKcS4_S4_iRKT_RKT0_
                0x08001750       0x54 bn_bg_blocks_manager.o
                0x08001750                void _bn::assert::show_args<char [27], int>(char const*, char const*, char const*, int, char const (&) [27], int const&)
 .text._ZN2bn17bg_blocks_manager12_GLOBAL__N_1L10_hw_commitEPKtNS_16compression_typeEibPt
                0x080017a4       0x68 bn_bg_blocks_manager.o
 .text._ZN3_bn6assert9show_argsIA31_cEEvPKcS4_S4_iRKT_
                0x0800180c       0x48 bn_bg_blocks_manager.o
                0x0800180c                void _bn::assert::show_args<char [31]>(char const*, char const*, char const*, int, char const (&) [31])
 .text._ZN3_bn6assert9show_argsIA22_cEEvPKcS4_S4_iRKT_
                0x08001854       0x48 bn_bg_blocks_manager.o
                0x08001854                void _bn::assert::show_args<char [22]>(char const*, char const*, char const*, int, char const (&) [22])
 .text._ZNK2bn18regular_bg_map_ptr5tilesEv
                0x0800189c       0x48 bn_bg_blocks_manager.o
                0x0800189c                bn::regular_bg_map_ptr::tiles() const
 .text._ZNK2bn17affine_bg_map_ptr5tilesEv
                0x080018e4       0x48 bn_bg_blocks_manager.o
                0x080018e4                bn::affine_bg_map_ptr::tiles() const
 .text._ZNK2bn18regular_bg_map_ptr3bppEv
                0x0800192c       0x4c bn_bg_blocks_manager.o
                0x0800192c                bn::regular_bg_map_ptr::bpp() const
 .text._ZN2bn17bg_blocks_manager21update_affine_map_rowEiii
                0x08001978      0x15c bn_bg_blocks_manager.o
                0x08001978                bn::bg_blocks_manager::update_affine_map_row(int, int, int)
 .text._ZN2bn17bg_blocks_manager28update_affine_map_bottom_rowEiii
                0x08001ad4       0x30 bn_bg_blocks_manager.o
                0x08001ad4                bn::bg_blocks_manager::update_affine_map_bottom_row(int, int, int)
 .text._ZN2bn17bg_blocks_manager23set_affine_map_positionEiii
                0x08001b04      0x1f0 bn_bg_blocks_manager.o
                0x08001b04                bn::bg_blocks_manager::set_affine_map_position(int, int, int)
 .text._ZN2bn17bg_blocks_manager21update_affine_map_colEiii
                0x08001cf4      0x318 bn_bg_blocks_manager.o
                0x08001cf4                bn::bg_blocks_manager::update_affine_map_col(int, int, int)
 .text._ZN2bn17bg_blocks_manager27update_affine_map_right_colEiii
                0x0800200c       0x30 bn_bg_blocks_manager.o
                0x0800200c                bn::bg_blocks_manager::update_affine_map_right_col(int, int, int)
 .text._ZN2bn17bg_blocks_manager22update_regular_map_rowEiii
                0x0800203c      0x19c bn_bg_blocks_manager.o
                0x0800203c                bn::bg_blocks_manager::update_regular_map_row(int, int, int)
 .text._ZN2bn17bg_blocks_manager22update_regular_map_colEiii
                0x080021d8      0x1f0 bn_bg_blocks_manager.o
                0x080021d8                bn::bg_blocks_manager::update_regular_map_col(int, int, int)
 .text._ZN2bn17bg_blocks_manager24set_regular_map_positionEiii
                0x080023c8      0x210 bn_bg_blocks_manager.o
                0x080023c8                bn::bg_blocks_manager::set_regular_map_position(int, int, int)
 .text._ZN2bn17bg_blocks_manager12_GLOBAL__N_1L12_commit_itemERKNS1_9item_typeEb
                0x080025d8      0x1d8 bn_bg_blocks_manager.o
 .text._ZN2bn17bg_blocks_manager19commit_uncompressedEb
                0x080027b0       0x54 bn_bg_blocks_manager.o
                0x080027b0                bn::bg_blocks_manager::commit_uncompressed(bool)
 .text._ZN2bn17bg_blocks_manager17commit_compressedEv
                0x08002804       0x48 bn_bg_blocks_manager.o
                0x08002804                bn::bg_blocks_manager::commit_compressed()
 .text.startup._GLOBAL__sub_I__ZN2bn7bg_maps16used_cells_countEv
                0x0800284c       0x88 bn_bg_blocks_manager.o
 .text._ZN2bn11bgs_manager12_GLOBAL__N_111static_dataD2Ev
                0x080028d4       0x10 bn_bgs_manager.o
 .text._ZN2bn11bgs_manager12_GLOBAL__N_1L33_update_item_hw_affine_attributesERKNS1_9item_typeE
                0x080028e4       0x48 bn_bgs_manager.o
 .text._ZN2bn11bgs_manager4initEv
                0x0800292c       0x8c bn_bgs_manager.o
                0x0800292c                bn::bgs_manager::init()
 .text._ZN2bn11bgs_manager5hw_idEPv
                0x080029b8        0x8 bn_bgs_manager.o
                0x080029b8                bn::bgs_manager::hw_id(void*)
 .text._ZN2bn11bgs_manager11hw_positionEPv
                0x080029c0        0x4 bn_bgs_manager.o
                0x080029c0                bn::bgs_manager::hw_position(void*)
 .text._ZN2bn11bgs_manager14mat_attributesEPv
                0x080029c4        0x4 bn_bgs_manager.o
                0x080029c4                bn::bgs_manager::mat_attributes(void*)
 .text._ZN2bn11bgs_manager20update_windows_flagsEPj
                0x080029c8       0x7c bn_bgs_manager.o
                0x080029c8                bn::bgs_manager::update_windows_flags(unsigned int*)
 .text._ZN2bn11bgs_manager14update_camerasEv
                0x08002a44      0x134 bn_bgs_manager.o
                0x08002a44                bn::bgs_manager::update_cameras()
 .text._ZN2bn11bgs_manager36fill_hblank_effect_regular_positionsEiPKNS_7fixed_tILi12EEEPt
                0x08002b78       0x38 bn_bgs_manager.o
                0x08002b78                bn::bgs_manager::fill_hblank_effect_regular_positions(int, bn::fixed_t<12> const*, unsigned short*)
 .text._ZN2bn11bgs_manager45fill_hblank_effect_pivot_horizontal_positionsEPvPKNS_7fixed_tILi12EEEPj
                0x08002bb0       0x28 bn_bgs_manager.o
                0x08002bb0                bn::bgs_manager::fill_hblank_effect_pivot_horizontal_positions(void*, bn::fixed_t<12> const*, unsigned int*)
 .text._ZN2bn11bgs_manager43fill_hblank_effect_pivot_vertical_positionsEPvPKNS_7fixed_tILi12EEEPj
                0x08002bd8       0x28 bn_bgs_manager.o
                0x08002bd8                bn::bgs_manager::fill_hblank_effect_pivot_vertical_positions(void*, bn::fixed_t<12> const*, unsigned int*)
 .text._ZN2bn11bgs_manager6commitEb
                0x08002c00       0x58 bn_bgs_manager.o
                0x08002c00                bn::bgs_manager::commit(bool)
 .text._ZN2bn11bgs_manager4stopEv
                0x08002c58       0x28 bn_bgs_manager.o
                0x08002c58                bn::bgs_manager::stop()
 .text._ZN3_bn6assert9show_argsIA30_cEEvPKcS4_S4_iRKT_
                0x08002c80       0x48 bn_bgs_manager.o
                0x08002c80                void _bn::assert::show_args<char [30]>(char const*, char const*, char const*, int, char const (&) [30])
 .text._ZN2bn11bgs_manager15commit_big_mapsEv
                0x08002cc8      0x208 bn_bgs_manager.o
                0x08002cc8                bn::bgs_manager::commit_big_maps()
 .text._ZN2bn11bgs_manager10affine_mapEPv
                0x08002ed0       0x34 bn_bgs_manager.o
                0x08002ed0                bn::bgs_manager::affine_map(void*)
 .text._ZN2bn11bgs_manager11regular_mapEPv
                0x08002f04       0x34 bn_bgs_manager.o
                0x08002f04                bn::bgs_manager::regular_map(void*)
 .text._ZN3_bn6assert9show_argsIA27_cEEvPKcS4_S4_iRKT_
                0x08002f38       0x48 bn_bgs_manager.o
                0x08002f38                void _bn::assert::show_args<char [27]>(char const*, char const*, char const*, int, char const (&) [27])
 .text._ZN3_bn6assert9show_argsIA46_cEEvPKcS4_S4_iRKT_
                0x08002f80       0x48 bn_bgs_manager.o
                0x08002f80                void _bn::assert::show_args<char [46]>(char const*, char const*, char const*, int, char const (&) [46])
 .text._ZN2bn11bgs_manager37fill_hblank_effect_regular_attributesEPvPKNS_21regular_bg_attributesEPt
                0x08002fc8      0x118 bn_bgs_manager.o
                0x08002fc8                bn::bgs_manager::fill_hblank_effect_regular_attributes(void*, bn::regular_bg_attributes const*, unsigned short*)
 .text._ZN2bn11bgs_manager36fill_hblank_effect_affine_attributesEPvPKNS_20affine_bg_attributesEPt
                0x080030e0      0x10c bn_bgs_manager.o
                0x080030e0                bn::bgs_manager::fill_hblank_effect_affine_attributes(void*, bn::affine_bg_attributes const*, unsigned short*)
 .text._ZN2bn11bgs_manager15rebuild_handlesEv.part.0
                0x080031ec      0x1a4 bn_bgs_manager.o
 .text._ZN2bn11bgs_manager6updateEv
                0x08003390      0x158 bn_bgs_manager.o
                0x08003390                bn::bgs_manager::update()
 .text._ZN3_bn6assert9show_argsIA13_cEEvPKcS4_S4_iRKT_
                0x080034e8       0x48 bn_bgs_manager.o
                0x080034e8                void _bn::assert::show_args<char [13]>(char const*, char const*, char const*, int, char const (&) [13])
 .text.startup._GLOBAL__sub_I__ZN2bn3bgs16used_items_countEv
                0x08003530       0x90 bn_bgs_manager.o
 .text._ZN2bn10camera_ptrD2Ev
                0x080035c0       0x38 bn_cameras_manager.o
                0x080035c0                bn::camera_ptr::~camera_ptr()
                0x080035c0                bn::camera_ptr::~camera_ptr()
 .text._ZNK2bn10camera_ptr8positionEv
                0x080035f8       0x14 bn_cameras_manager.o
                0x080035f8                bn::camera_ptr::position() const
 .text._ZN2bn15cameras_manager4initEv
                0x0800360c       0x24 bn_cameras_manager.o
                0x0800360c                bn::cameras_manager::init()
 .text._ZN2bn15cameras_manager6updateEv
                0x08003630       0x28 bn_cameras_manager.o
                0x08003630                bn::cameras_manager::update()
 .text.startup._GLOBAL__sub_I__ZN2bn7cameras16used_items_countEv
                0x08003658       0x24 bn_cameras_manager.o
 .text._ZN2bn4core12_GLOBAL__N_1L12_vblank_intrEv
                0x0800367c       0x3c bn_core.o
 .text._ZN2bn4core12_GLOBAL__N_1L4stopEb
                0x080036b8       0x60 bn_core.o
 .text._ZN2bn4core12_GLOBAL__N_1L11update_implEv
                0x08003718      0x110 bn_core.o
 .text._ZN2bn4core6updateEv
                0x08003828       0x6c bn_core.o
                0x08003828                bn::core::update()
 .text._ZN2bn4core4initERKNS_8optionalINS_5colorEEERKNS_11string_viewE
                0x08003894      0x138 bn_core.o
                0x08003894                bn::core::init(bn::optional<bn::color> const&, bn::string_view const&)
 .text._ZN2bn4core4initEv
                0x080039cc       0x20 bn_core.o
                0x080039cc                bn::core::init()
 .text._ZN2bn11string_viewC2EPKc
                0x080039ec       0x40 bn_core.o
                0x080039ec                bn::string_view::string_view(char const*)
                0x080039ec                bn::string_view::string_view(char const*)
 .text._ZN3_bn6assert12_GLOBAL__N_1L10_show_implEPKcS3_S3_iRKN2bn11string_viewE
                0x08003a2c       0x80 bn_core.o
 .text._ZN3_bn6assert4showEPKcS2_S2_iRKN2bn12istring_baseE
                0x08003aac       0x18 bn_core.o
                0x08003aac                _bn::assert::show(char const*, char const*, char const*, int, bn::istring_base const&)
 .text._ZN3_bn6assert9show_argsIA18_cEEvPKcS4_S4_iRKT_
                0x08003ac4       0x48 bn_core.o
                0x08003ac4                void _bn::assert::show_args<char [18]>(char const*, char const*, char const*, int, char const (&) [18])
 .text.startup._GLOBAL__sub_I__ZN2bn4core4initEv
                0x08003b0c       0x48 bn_core.o
 .text._ZN2bn15display_manager12_GLOBAL__N_111static_dataD2Ev
                0x08003b54       0x34 bn_display_manager.o
 .text._ZN2bn15display_manager12_GLOBAL__N_1L34_update_rect_windows_hw_boundariesEi
                0x08003b88       0x7c bn_display_manager.o
 .text._ZN2bn15display_manager4initEv
                0x08003c04       0x98 bn_display_manager.o
                0x08003c04                bn::display_manager::init()
 .text._ZN2bn15display_manager8set_modeEi
                0x08003c9c       0x1c bn_display_manager.o
                0x08003c9c                bn::display_manager::set_mode(int)
 .text._ZN2bn15display_manager14set_bg_enabledEib
                0x08003cb8       0x18 bn_display_manager.o
                0x08003cb8                bn::display_manager::set_bg_enabled(int, bool)
 .text._ZN2bn15display_manager15disable_all_bgsEv
                0x08003cd0       0x14 bn_display_manager.o
                0x08003cd0                bn::display_manager::disable_all_bgs()
 .text._ZN2bn15display_manager36fill_mosaic_hblank_effect_attributesEPKNS_17mosaic_attributesEPt
                0x08003ce4       0x98 bn_display_manager.o
                0x08003ce4                bn::display_manager::fill_mosaic_hblank_effect_attributes(bn::mosaic_attributes const*, unsigned short*)
 .text._ZN2bn15display_manager27set_blending_top_bg_enabledEib
                0x08003d7c       0x20 bn_display_manager.o
                0x08003d7c                bn::display_manager::set_blending_top_bg_enabled(int, bool)
 .text._ZN2bn15display_manager30set_blending_bottom_bg_enabledEib
                0x08003d9c       0x20 bn_display_manager.o
                0x08003d9c                bn::display_manager::set_blending_bottom_bg_enabled(int, bool)
 .text._ZN2bn15display_manager32blending_transparency_top_weightEv
                0x08003dbc       0x18 bn_display_manager.o
                0x08003dbc                bn::display_manager::blending_transparency_top_weight()
 .text._ZN2bn15display_manager35blending_transparency_bottom_weightEv
                0x08003dd4       0x28 bn_display_manager.o
                0x08003dd4                bn::display_manager::blending_transparency_bottom_weight()
 .text._ZN2bn15display_manager51fill_blending_transparency_hblank_effect_attributesEPKNS_32blending_transparency_attributesEPt
                0x08003dfc       0x30 bn_display_manager.o
                0x08003dfc                bn::display_manager::fill_blending_transparency_hblank_effect_attributes(bn::blending_transparency_attributes const*, unsigned short*)
 .text._ZN2bn15display_manager21blending_fade_enabledEv
                0x08003e2c        0xc bn_display_manager.o
                0x08003e2c                bn::display_manager::blending_fade_enabled()
 .text._ZN2bn15display_manager39fill_blending_fade_hblank_effect_alphasEPKNS_19blending_fade_alphaEPt
                0x08003e38       0x24 bn_display_manager.o
                0x08003e38                bn::display_manager::fill_blending_fade_hblank_effect_alphas(bn::blending_fade_alpha const*, unsigned short*)
 .text._ZN2bn15display_manager26update_windows_visible_bgsEv
                0x08003e5c       0x14 bn_display_manager.o
                0x08003e5c                bn::display_manager::update_windows_visible_bgs()
 .text._ZN2bn15display_manager36rect_window_hw_horizontal_boundariesEi
                0x08003e70       0x18 bn_display_manager.o
                0x08003e70                bn::display_manager::rect_window_hw_horizontal_boundaries(int)
 .text._ZN2bn15display_manager34rect_window_hw_vertical_boundariesEi
                0x08003e88       0x18 bn_display_manager.o
                0x08003e88                bn::display_manager::rect_window_hw_vertical_boundaries(int)
 .text._ZN2bn15display_manager52fill_rect_window_hblank_effect_horizontal_boundariesERKSt4pairIiiEPKS1_INS_7fixed_tILi12EEES6_EPt
                0x08003ea0      0x134 bn_display_manager.o
                0x08003ea0                bn::display_manager::fill_rect_window_hblank_effect_horizontal_boundaries(std::pair<int, int> const&, std::pair<bn::fixed_t<12>, bn::fixed_t<12> > const*, unsigned short*)
 .text._ZN2bn15display_manager50fill_rect_window_hblank_effect_vertical_boundariesERKSt4pairIiiEPKS1_INS_7fixed_tILi12EEES6_EPt
                0x08003fd4      0x134 bn_display_manager.o
                0x08003fd4                bn::display_manager::fill_rect_window_hblank_effect_vertical_boundaries(std::pair<int, int> const&, std::pair<bn::fixed_t<12>, bn::fixed_t<12> > const*, unsigned short*)
 .text._ZN2bn15display_manager36fill_green_swap_hblank_effect_statesEPKbPt
                0x08004108       0x38 bn_display_manager.o
                0x08004108                bn::display_manager::fill_green_swap_hblank_effect_states(bool const*, unsigned short*)
 .text._ZN2bn15display_manager14update_camerasEv
                0x08004140       0x40 bn_display_manager.o
                0x08004140                bn::display_manager::update_cameras()
 .text._ZN2bn15display_manager6updateEv
                0x08004180      0x244 bn_display_manager.o
                0x08004180                bn::display_manager::update()
 .text._ZN2bn15display_manager6commitEv
                0x080043c4      0x130 bn_display_manager.o
                0x080043c4                bn::display_manager::commit()
 .text._ZN2bn15display_manager4stopEv
                0x080044f4       0x30 bn_display_manager.o
                0x080044f4                bn::display_manager::stop()
 .text._ZN3_bn6assert9show_argsIA66_cEEvPKcS4_S4_iRKT_
                0x08004524       0x48 bn_display_manager.o
                0x08004524                void _bn::assert::show_args<char [66]>(char const*, char const*, char const*, int, char const (&) [66])
 .text.startup._GLOBAL__sub_I__ZNK2bn6window7show_bgERKNS_14regular_bg_ptrE
                0x0800456c       0xa4 bn_display_manager.o
 .text._ZN2bn12gpio_manager5sleepEv
                0x08004610       0x28 bn_gpio_manager.o
                0x08004610                bn::gpio_manager::sleep()
 .text._ZN2bn22hblank_effects_manager12_GLOBAL__N_19item_type18_output_values_ptrEv
                0x08004638       0x40 bn_hblank_effects_manager.o
 .text._ZN2bn22hblank_effects_manager7disableEv
                0x08004678       0x24 bn_hblank_effects_manager.o
                0x08004678                bn::hblank_effects_manager::disable()
 .text._ZN2bn22hblank_effects_manager4stopEv
                0x0800469c       0x38 bn_hblank_effects_manager.o
                0x0800469c                bn::hblank_effects_manager::stop()
 .text._ZN2bn22hblank_effects_manager6commitEv
                0x080046d4       0x8c bn_hblank_effects_manager.o
                0x080046d4                bn::hblank_effects_manager::commit()
 .text._ZN2bn22hblank_effects_manager12_GLOBAL__N_1L10_is_uint32ENS0_12handler_typeE
                0x08004760       0x64 bn_hblank_effects_manager.o
 .text._ZN2bn22hblank_effects_manager12_GLOBAL__N_19item_type12check_updateEv
                0x080047c4     0x1548 bn_hblank_effects_manager.o
 .text._ZN2bn22hblank_effects_manager6updateEv
                0x08005d0c      0x1ec bn_hblank_effects_manager.o
                0x08005d0c                bn::hblank_effects_manager::update()
 .text._ZN2bn22hblank_effects_manager4initEv
                0x08005ef8      0x180 bn_hblank_effects_manager.o
                0x08005ef8                bn::hblank_effects_manager::init()
 .text.startup._GLOBAL__sub_I__ZN2bn4hbes10used_countEv
                0x08006078       0xe8 bn_hblank_effects_manager.o
 .text._ZN2bn12hdma_manager4initEv
                0x08006160       0x40 bn_hdma_manager.o
                0x08006160                bn::hdma_manager::init()
 .text._ZN2bn12hdma_manager10force_stopEv
                0x080061a0       0x5c bn_hdma_manager.o
                0x080061a0                bn::hdma_manager::force_stop()
 .text._ZN2bn12hdma_manager7disableEv
                0x080061fc       0x48 bn_hdma_manager.o
                0x080061fc                bn::hdma_manager::disable()
 .text._ZN2bn12hdma_manager6updateEv
                0x08006244       0x6c bn_hdma_manager.o
                0x08006244                bn::hdma_manager::update()
 .text._ZN2bn12hdma_manager24commit_interrupt_handlerEv
                0x080062b0       0x20 bn_hdma_manager.o
                0x080062b0                bn::hdma_manager::commit_interrupt_handler()
 .text._ZN2bn12hdma_manager14commit_entriesEb
                0x080062d0      0x168 bn_hdma_manager.o
                0x080062d0                bn::hdma_manager::commit_entries(bool)
 .text.startup._GLOBAL__sub_I__ZN2bn4hdma7runningEv
                0x08006438       0x3c bn_hdma_manager.o
 .text._ZN2bn14keypad_manager4stopEv
                0x08006474        0x4 bn_keypad_manager.o
                0x08006474                bn::keypad_manager::stop()
 .text._ZN2bn14keypad_manager6updateEv
                0x08006478       0xb8 bn_keypad_manager.o
                0x08006478                bn::keypad_manager::update()
 .text._ZN2bn14keypad_manager4initERKNS_11string_viewE
                0x08006530       0x64 bn_keypad_manager.o
                0x08006530                bn::keypad_manager::init(bn::string_view const&)
 .text._ZN2bn12link_manager4initEv
                0x08006594        0xc bn_link_manager.o
                0x08006594                bn::link_manager::init()
 .text._ZN2bn12link_manager6activeEv
                0x080065a0        0xc bn_link_manager.o
                0x080065a0                bn::link_manager::active()
 .text._ZN2bn12link_manager7disableEv
                0x080065ac       0x18 bn_link_manager.o
                0x080065ac                bn::link_manager::disable()
 .text._ZN2bn12link_manager6commitEv
                0x080065c4       0x18 bn_link_manager.o
                0x080065c4                bn::link_manager::commit()
 .text._ZN2bn14memory_manager12_GLOBAL__N_111static_dataD2Ev
                0x080065dc       0x10 bn_memory_manager.o
 .text._ZN2bn14memory_manager4initEv
                0x080065ec       0x2c bn_memory_manager.o
                0x080065ec                bn::memory_manager::init()
 .text.startup._GLOBAL__sub_I__Znwj
                0x08006618       0x20 bn_memory_manager.o
 .text._ZN2bn2hw8palettes9grayscaleEPKNS_5colorEiiPS2_.part.0
                0x08006638       0x40 bn_palettes_manager.o
 .text._ZNK2bn14bg_palette_ptr3bppEv
                0x08006678       0x20 bn_palettes_manager.o
                0x08006678                bn::bg_palette_ptr::bpp() const
 .text._ZNK2bn18sprite_palette_ptr3bppEv
                0x08006698       0x1c bn_palettes_manager.o
                0x08006698                bn::sprite_palette_ptr::bpp() const
 .text._ZNK2bn13palettes_bank20retrieve_commit_dataEv
                0x080066b4       0x4c bn_palettes_manager.o
                0x080066b4                bn::palettes_bank::retrieve_commit_data() const
 .text._ZNK2bn13palettes_bank21_apply_global_effectsEiPNS_5colorE
                0x08006700      0x128 bn_palettes_manager.o
                0x08006700                bn::palettes_bank::_apply_global_effects(int, bn::color*) const
 .text._ZNK2bn13palettes_bank25fill_hblank_effect_colorsEPKNS_5colorEPt
                0x08006828       0x30 bn_palettes_manager.o
                0x08006828                bn::palettes_bank::fill_hblank_effect_colors(bn::color const*, unsigned short*) const
 .text._ZNK2bn13palettes_bank7palette13apply_effectsEiPNS_5colorE
                0x08006858       0xb0 bn_palettes_manager.o
                0x08006858                bn::palettes_bank::palette::apply_effects(int, bn::color*) const
 .text._ZNK2bn13palettes_bank25fill_hblank_effect_colorsEiPKNS_5colorEPt
                0x08006908       0x44 bn_palettes_manager.o
                0x08006908                bn::palettes_bank::fill_hblank_effect_colors(int, bn::color const*, unsigned short*) const
 .text._ZN2bn13palettes_bank15_update_paletteEi
                0x0800694c       0x70 bn_palettes_manager.o
                0x0800694c                bn::palettes_bank::_update_palette(int)
 .text._ZN2bn13palettes_bank6updateEv
                0x080069bc      0x134 bn_palettes_manager.o
                0x080069bc                bn::palettes_bank::update()
 .text._ZN2bn13palettes_bankC2Ev
                0x08006af0       0xd4 bn_palettes_manager.o
                0x08006af0                bn::palettes_bank::palettes_bank()
                0x08006af0                bn::palettes_bank::palettes_bank()
 .text._ZN2bn16palettes_manager4initERKNS_8optionalINS_5colorEEE
                0x08006bc4      0x184 bn_palettes_manager.o
                0x08006bc4                bn::palettes_manager::init(bn::optional<bn::color> const&)
 .text._ZN2bn16palettes_manager20sprite_palettes_bankEv
                0x08006d48        0x8 bn_palettes_manager.o
                0x08006d48                bn::palettes_manager::sprite_palettes_bank()
 .text._ZN2bn16palettes_manager16bg_palettes_bankEv
                0x08006d50        0x8 bn_palettes_manager.o
                0x08006d50                bn::palettes_manager::bg_palettes_bank()
 .text._ZN2bn16palettes_manager6updateEv
                0x08006d58       0x20 bn_palettes_manager.o
                0x08006d58                bn::palettes_manager::update()
 .text._ZN2bn16palettes_manager6commitEb
                0x08006d78       0xf8 bn_palettes_manager.o
                0x08006d78                bn::palettes_manager::commit(bool)
 .text._ZN2bn16palettes_manager4stopEv
                0x08006e70       0x20 bn_palettes_manager.o
                0x08006e70                bn::palettes_manager::stop()
 .text._ZN2bn13palettes_bank30_erase_bpp_4_indexes_map_indexEt
                0x08006e90      0x1c4 bn_palettes_manager.o
                0x08006e90                bn::palettes_bank::_erase_bpp_4_indexes_map_index(unsigned short)
 .text._ZN2bn13palettes_bank15decrease_usagesEi
                0x08007054       0x80 bn_palettes_manager.o
                0x08007054                bn::palettes_bank::decrease_usages(int)
 .text._ZN2bn14bg_palette_ptrD2Ev
                0x080070d4       0x20 bn_palettes_manager.o
                0x080070d4                bn::bg_palette_ptr::~bg_palette_ptr()
                0x080070d4                bn::bg_palette_ptr::~bg_palette_ptr()
 .text.startup._GLOBAL__sub_I__ZN2bn11bg_palettes17used_colors_countEv
                0x080070f4       0x20 bn_palettes_manager.o
 .text._ZN2bn26sprite_affine_mats_manager12_GLOBAL__N_1L19_sprite_double_sizeILi32ELi16EEEbiiiii
                0x08007114       0x80 bn_sprite_affine_mats_manager.o
 .text._ZN2bn26sprite_affine_mats_manager12_GLOBAL__N_1L19_sprite_double_sizeILi16ELi32EEEbiiiii
                0x08007194       0x80 bn_sprite_affine_mats_manager.o
 .text._ZN2bn26sprite_affine_mats_manager12_GLOBAL__N_111static_dataD2Ev
                0x08007214       0x38 bn_sprite_affine_mats_manager.o
 .text._ZNK2bn26sprite_affine_mats_manager12_GLOBAL__N_19item_type18sprite_double_sizeEiRKNS_17sprite_shape_sizeE.isra.0
                0x0800724c      0x1b4 bn_sprite_affine_mats_manager.o
 .text._ZNK2bn21sprite_affine_mat_ptr15horizontal_flipEv
                0x08007400       0x18 bn_sprite_affine_mats_manager.o
                0x08007400                bn::sprite_affine_mat_ptr::horizontal_flip() const
 .text._ZNK2bn21sprite_affine_mat_ptr13vertical_flipEv
                0x08007418       0x18 bn_sprite_affine_mats_manager.o
                0x08007418                bn::sprite_affine_mat_ptr::vertical_flip() const
 .text._ZN2bn26sprite_affine_mats_manager20retrieve_commit_dataEv
                0x08007430       0x3c bn_sprite_affine_mats_manager.o
                0x08007430                bn::sprite_affine_mats_manager::retrieve_commit_data()
 .text._ZN3_bn6assert9show_argsIA16_cEEvPKcS4_S4_iRKT_
                0x0800746c       0x48 bn_sprite_affine_mats_manager.o
                0x0800746c                void _bn::assert::show_args<char [16]>(char const*, char const*, char const*, int, char const (&) [16])
 .text._ZN2bn26sprite_affine_mats_manager15decrease_usagesEi.part.0
                0x080074b4       0x70 bn_sprite_affine_mats_manager.o
 .text._ZN2bn21sprite_affine_mat_ptrD2Ev
                0x08007524       0x34 bn_sprite_affine_mats_manager.o
                0x08007524                bn::sprite_affine_mat_ptr::~sprite_affine_mat_ptr()
                0x08007524                bn::sprite_affine_mat_ptr::~sprite_affine_mat_ptr()
 .text._ZN2bn26sprite_affine_mats_manager6updateEv
                0x08007558      0x2a4 bn_sprite_affine_mats_manager.o
                0x08007558                bn::sprite_affine_mats_manager::update()
 .text._ZN2bn26sprite_affine_mats_manager4initEPv
                0x080077fc      0x100 bn_sprite_affine_mats_manager.o
                0x080077fc                bn::sprite_affine_mats_manager::init(void*)
 .text._ZN2bn26sprite_affine_mats_manager14dettach_spriteEiRNS_24intrusive_list_node_typeE
                0x080078fc       0x4c bn_sprite_affine_mats_manager.o
                0x080078fc                bn::sprite_affine_mats_manager::dettach_sprite(int, bn::intrusive_list_node_type&)
 .text.startup._GLOBAL__sub_I__ZN2bn18sprite_affine_mats10used_countEv
                0x08007948       0xb8 bn_sprite_affine_mats_manager.o
 .text._ZN2bn15sprites_manager12_GLOBAL__N_1L32_always_update_indexes_to_commitERKNS_20sprites_manager_itemE
                0x08007a00       0x4c bn_sprites_manager.o
 .text._ZN2bn15sprites_manager12_GLOBAL__N_111static_dataD2Ev
                0x08007a4c       0x44 bn_sprites_manager.o
 .text._ZN2bn13ostringstream11append_argsIiJA4_ciEEEvRKT_DpRKT0_.isra.0
                0x08007a90       0x24 bn_sprites_manager.o
 .text._ZN2bn15sprites_manager12_GLOBAL__N_1L23_update_item_dimensionsERNS_20sprites_manager_itemE
                0x08007ab4       0xc0 bn_sprites_manager.o
 .text._ZN2bn15sprites_manager4initEv
                0x08007b74       0xcc bn_sprites_manager.o
                0x08007b74                bn::sprites_manager::init()
 .text._ZN2bn15sprites_manager5hw_idEPv
                0x08007c40        0x8 bn_sprites_manager.o
                0x08007c40                bn::sprites_manager::hw_id(void*)
 .text._ZN2bn15sprites_manager5shapeEPv
                0x08007c48        0x8 bn_sprites_manager.o
                0x08007c48                bn::sprites_manager::shape(void*)
 .text._ZN2bn15sprites_manager4sizeEPv
                0x08007c50        0x8 bn_sprites_manager.o
                0x08007c50                bn::sprites_manager::size(void*)
 .text._ZN2bn15sprites_manager10shape_sizeEPv
                0x08007c58       0x14 bn_sprites_manager.o
                0x08007c58                bn::sprites_manager::shape_size(void*)
 .text._ZN2bn15sprites_manager11hw_positionEPv
                0x08007c6c        0x4 bn_sprites_manager.o
                0x08007c6c                bn::sprites_manager::hw_position(void*)
 .text._ZN2bn15sprites_manager9view_modeEPv
                0x08007c70        0xc bn_sprites_manager.o
                0x08007c70                bn::sprites_manager::view_mode(void*)
 .text._ZN2bn15sprites_manager10affine_matEPv
                0x08007c7c        0x4 bn_sprites_manager.o
                0x08007c7c                bn::sprites_manager::affine_mat(void*)
 .text._ZN2bn15sprites_manager39fill_hblank_effect_horizontal_positionsEPviPKNS_7fixed_tILi12EEEPt
                0x08007c80       0x4c bn_sprites_manager.o
                0x08007c80                bn::sprites_manager::fill_hblank_effect_horizontal_positions(void*, int, bn::fixed_t<12> const*, unsigned short*)
 .text._ZN2bn15sprites_manager37fill_hblank_effect_vertical_positionsEPviPKNS_7fixed_tILi12EEEPt
                0x08007ccc       0x4c bn_sprites_manager.o
                0x08007ccc                bn::sprites_manager::fill_hblank_effect_vertical_positions(void*, int, bn::fixed_t<12> const*, unsigned short*)
 .text._ZN2bn15sprites_manager35fill_hblank_effect_first_attributesEiNS_12sprite_shapeENS_8bpp_modeEiPKNS_23sprite_first_attributesEPt
                0x08007d18       0xd4 bn_sprites_manager.o
                0x08007d18                bn::sprites_manager::fill_hblank_effect_first_attributes(int, bn::sprite_shape, bn::bpp_mode, int, bn::sprite_first_attributes const*, unsigned short*)
 .text._ZN2bn15sprites_manager44fill_hblank_effect_regular_second_attributesEPviNS_11sprite_sizeEPKNS_32sprite_regular_second_attributesEPt
                0x08007dec       0x60 bn_sprites_manager.o
                0x08007dec                bn::sprites_manager::fill_hblank_effect_regular_second_attributes(void*, int, bn::sprite_size, bn::sprite_regular_second_attributes const*, unsigned short*)
 .text._ZN2bn15sprites_manager43fill_hblank_effect_affine_second_attributesEPviNS_11sprite_sizeEPKNS_31sprite_affine_second_attributesEPt
                0x08007e4c       0x58 bn_sprites_manager.o
                0x08007e4c                bn::sprites_manager::fill_hblank_effect_affine_second_attributes(void*, int, bn::sprite_size, bn::sprite_affine_second_attributes const*, unsigned short*)
 .text._ZN2bn15sprites_manager14update_camerasEv
                0x08007ea4       0x20 bn_sprites_manager.o
                0x08007ea4                bn::sprites_manager::update_cameras()
 .text._ZN2bn15sprites_manager23update_auto_double_sizeEPv
                0x08007ec4       0x2c bn_sprites_manager.o
                0x08007ec4                bn::sprites_manager::update_auto_double_size(void*)
 .text._ZN2bn15sprites_manager6commitEb
                0x08007ef0       0xa4 bn_sprites_manager.o
                0x08007ef0                bn::sprites_manager::commit(bool)
 .text._ZN2bn15sprites_manager12_GLOBAL__N_1L18_remove_affine_matERNS_20sprites_manager_itemE
                0x08007f94       0xe4 bn_sprites_manager.o
 .text._ZN2bn15sprites_manager42remove_identity_affine_mat_when_not_neededEPv
                0x08008078        0xc bn_sprites_manager.o
                0x08008078                bn::sprites_manager::remove_identity_affine_mat_when_not_needed(void*)
 .text._ZN2bn15sprites_manager7paletteEPv
                0x08008084       0x34 bn_sprites_manager.o
                0x08008084                bn::sprites_manager::palette(void*)
 .text._ZN2bn15sprites_manager6updateEv
                0x080080b8      0x140 bn_sprites_manager.o
                0x080080b8                bn::sprites_manager::update()
 .text._ZN3_bn6assert9show_argsIJA27_ciA4_ciEEEvPKcS5_S5_iDpRKT_
                0x080081f8       0x58 bn_sprites_manager.o
                0x080081f8                void _bn::assert::show_args<char [27], int, char [4], int>(char const*, char const*, char const*, int, char const (&) [27], int const&, char const (&) [4], int const&)
 .text._ZN2bn15sprites_manager35fill_hblank_effect_third_attributesENS_17sprite_shape_sizeEPKNS_23sprite_third_attributesEPt
                0x08008250      0x2f0 bn_sprites_manager.o
                0x08008250                bn::sprites_manager::fill_hblank_effect_third_attributes(bn::sprite_shape_size, bn::sprite_third_attributes const*, unsigned short*)
 .text.startup._GLOBAL__sub_I__ZN2bn7sprites16used_items_countEv
                0x08008540       0xac bn_sprites_manager.o
 .text._ZNK2bn16sprite_tiles_ptr2idEv
                0x080085ec       0x18 bn_sprite_tiles_manager.o
                0x080085ec                bn::sprite_tiles_ptr::id() const
 .text._ZNK2bn16sprite_tiles_ptr11tiles_countEv
                0x08008604       0x18 bn_sprite_tiles_manager.o
                0x08008604                bn::sprite_tiles_ptr::tiles_count() const
 .text._ZN2bn20sprite_tiles_manager19commit_uncompressedEb
                0x0800861c       0xc4 bn_sprite_tiles_manager.o
                0x0800861c                bn::sprite_tiles_manager::commit_uncompressed(bool)
 .text._ZN2bn20sprite_tiles_manager12_GLOBAL__N_1L10_hw_commitEPKNS_4tileENS_16compression_typeEii
                0x080086e0       0x8c bn_sprite_tiles_manager.o
 .text._ZN2bn20sprite_tiles_manager17commit_compressedEv
                0x0800876c       0x5c bn_sprite_tiles_manager.o
                0x0800876c                bn::sprite_tiles_manager::commit_compressed()
 .text._ZN2bn20sprite_tiles_manager4initEv
                0x080087c8      0x188 bn_sprite_tiles_manager.o
                0x080087c8                bn::sprite_tiles_manager::init()
 .text._ZN2bn20sprite_tiles_manager12_GLOBAL__N_1L17_insert_free_itemEiPt
                0x08008950       0xcc bn_sprite_tiles_manager.o
 .text._ZN2bn20sprite_tiles_manager12_GLOBAL__N_1L16_erase_free_itemEi
                0x08008a1c       0xe8 bn_sprite_tiles_manager.o
 .text._ZN2bn20sprite_tiles_manager12_GLOBAL__N_1L21_erase_items_map_itemEPKNS_4tileE
                0x08008b04      0x1fc bn_sprite_tiles_manager.o
 .text._ZN2bn20sprite_tiles_manager6updateEv
                0x08008d00      0x1a8 bn_sprite_tiles_manager.o
                0x08008d00                bn::sprite_tiles_manager::update()
 .text.startup._GLOBAL__sub_I__ZN2bn12sprite_tiles16used_tiles_countEv
                0x08008ea8      0x124 bn_sprite_tiles_manager.o
 .text._ZN2bn13ostringstreamC2ERNS_12istring_baseE
                0x08008fcc        0x8 bn_sstream.o
                0x08008fcc                bn::ostringstream::ostringstream(bn::istring_base&)
                0x08008fcc                bn::ostringstream::ostringstream(bn::istring_base&)
 .text._ZN2bn13ostringstream6appendEPKc
                0x08008fd4       0xa8 bn_sstream.o
                0x08008fd4                bn::ostringstream::append(char const*)
 .text._ZN2bn13ostringstream6appendEi
                0x0800907c       0xb0 bn_sstream.o
                0x0800907c                bn::ostringstream::append(int)
 .text._ZN2bn13ostringstream6appendEj
                0x0800912c       0xb0 bn_sstream.o
                0x0800912c                bn::ostringstream::append(unsigned int)
 .text._ZN2bn18igeneric_pool_baseC2EPci
                0x080091dc       0x10 bn_translation_unit.o
                0x080091dc                bn::igeneric_pool_base::igeneric_pool_base(char*, int)
                0x080091dc                bn::igeneric_pool_base::igeneric_pool_base(char*, int)
 .text._ZN2bn18igeneric_pool_base5_freeEPc
                0x080091ec       0x10 bn_translation_unit.o
                0x080091ec                bn::igeneric_pool_base::_free(char*)
 .text._ZN2bn5timerC2Ev
                0x080091fc       0x24 bn_translation_unit.o
                0x080091fc                bn::timer::timer()
                0x080091fc                bn::timer::timer()
 .text._ZNK2bn5timer13elapsed_ticksEv
                0x08009220       0x2c bn_translation_unit.o
                0x08009220                bn::timer::elapsed_ticks() const
 .text._ZN2bn5timer7restartEv
                0x0800924c       0x28 bn_translation_unit.o
                0x0800924c                bn::timer::restart()
 .text._ZN2bn18igeneric_pool_baseD2Ev
                0x08009274       0x30 bn_translation_unit.o
                0x08009274                bn::igeneric_pool_base::~igeneric_pool_base()
                0x08009274                bn::igeneric_pool_base::~igeneric_pool_base()
 .text._ZN2bn18igeneric_pool_base9_allocateEv
                0x080092a4       0x48 bn_translation_unit.o
                0x080092a4                bn::igeneric_pool_base::_allocate()
 .text._ZN2bn2hw5audio12_GLOBAL__N_111static_dataD2Ev
                0x080092ec       0x18 bn_hw_audio.o
 .text._ZN2bn2hw5audio4initEv
                0x08009304       0x74 bn_hw_audio.o
                0x08009304                bn::hw::audio::init()
 .text._ZN2bn2hw5audio7disableEv
                0x08009378       0x18 bn_hw_audio.o
                0x08009378                bn::hw::audio::disable()
 .text._ZN2bn2hw5audio13music_playingEv
                0x08009390       0x20 bn_hw_audio.o
                0x08009390                bn::hw::audio::music_playing()
 .text._ZN2bn2hw5audio10play_musicEib
                0x080093b0       0x1c bn_hw_audio.o
                0x080093b0                bn::hw::audio::play_music(int, bool)
 .text._ZN2bn2hw5audio10stop_musicEv
                0x080093cc       0x18 bn_hw_audio.o
                0x080093cc                bn::hw::audio::stop_music()
 .text._ZN2bn2hw5audio11pause_musicEv
                0x080093e4       0x18 bn_hw_audio.o
                0x080093e4                bn::hw::audio::pause_music()
 .text._ZN2bn2hw5audio12resume_musicEv
                0x080093fc       0x18 bn_hw_audio.o
                0x080093fc                bn::hw::audio::resume_music()
 .text._ZN2bn2hw5audio15set_sound_speedEtNS_7fixed_tILi12EEES3_
                0x08009414       0x74 bn_hw_audio.o
                0x08009414                bn::hw::audio::set_sound_speed(unsigned short, bn::fixed_t<12>, bn::fixed_t<12>)
 .text._ZN2bn2hw5audio12_GLOBAL__N_1L19_add_sound_to_queueEit
                0x08009488       0x98 bn_hw_audio.o
 .text._ZN2bn2hw5audio12_GLOBAL__N_1L19_check_sounds_queueEi
                0x08009520       0xb0 bn_hw_audio.o
 .text._ZN2bn2hw5audio10play_soundEii
                0x080095d0       0x44 bn_hw_audio.o
                0x080095d0                bn::hw::audio::play_sound(int, int)
 .text._ZN2bn2hw5audio10play_soundEiiNS_7fixed_tILi12EEES3_S3_
                0x08009614       0xb8 bn_hw_audio.o
                0x08009614                bn::hw::audio::play_sound(int, int, bn::fixed_t<12>, bn::fixed_t<12>, bn::fixed_t<12>)
 .text._ZN2bn2hw5audio15stop_all_soundsEv
                0x080096cc       0x60 bn_hw_audio.o
                0x080096cc                bn::hw::audio::stop_all_sounds()
 .text._ZN2bn2hw5audio19update_sounds_queueEv
                0x0800972c       0x94 bn_hw_audio.o
                0x0800972c                bn::hw::audio::update_sounds_queue()
 .text._ZN2bn2hw5audio12_GLOBAL__N_1L23_erase_sound_from_queueEt
                0x080097c0       0x98 bn_hw_audio.o
 .text._ZN2bn2hw5audio10stop_soundEt
                0x08009858       0x20 bn_hw_audio.o
                0x08009858                bn::hw::audio::stop_sound(unsigned short)
 .text._ZN2bn2hw5audio13release_soundEt
                0x08009878       0x20 bn_hw_audio.o
                0x08009878                bn::hw::audio::release_sound(unsigned short)
 .text.startup._GLOBAL__sub_I__ZN2bn2hw5audio4initEv
                0x08009898       0x3c bn_hw_audio.o
 .text.__libc_init_array
                0x080098d4       0x50 bn_hw_common.bn_noflto.o
                0x080098d4                __libc_init_array
 .text.__aeabi_atexit
                0x08009924        0x4 bn_hw_common.bn_noflto.o
                0x08009924                __aeabi_atexit
 .text._ZN3_bn6assert9show_argsIA40_cEEvPKcS4_S4_iRKT_
                0x08009928       0x48 bn_hw_common.bn_noflto.o
                0x08009928                void _bn::assert::show_args<char [40]>(char const*, char const*, char const*, int, char const (&) [40])
 .text.__aeabi_idiv0
                0x08009970       0x24 bn_hw_common.bn_noflto.o
                0x08009970                __aeabi_idiv0
 .text._ZN2bn2hw9dmg_audio4initEv
                0x08009994       0x18 bn_hw_dmg_audio.o
                0x08009994                bn::hw::dmg_audio::init()
 .text._ZN2bn2hw9dmg_audio7disableEv
                0x080099ac       0x18 bn_hw_dmg_audio.o
                0x080099ac                bn::hw::dmg_audio::disable()
 .text._ZN2bn2hw9dmg_audio13music_playingEv
                0x080099c4       0x28 bn_hw_dmg_audio.o
                0x080099c4                bn::hw::dmg_audio::music_playing()
 .text._ZN2bn2hw9dmg_audio10stop_musicEv
                0x080099ec       0x24 bn_hw_dmg_audio.o
                0x080099ec                bn::hw::dmg_audio::stop_music()
 .text._ZN2bn2hw9dmg_audio11pause_musicEv
                0x08009a10       0x24 bn_hw_dmg_audio.o
                0x08009a10                bn::hw::dmg_audio::pause_music()
 .text._ZN2bn2hw9dmg_audio12resume_musicEv
                0x08009a34       0x24 bn_hw_dmg_audio.o
                0x08009a34                bn::hw::dmg_audio::resume_music()
 .text._ZN2bn2hw9dmg_audio14music_positionERiS2_
                0x08009a58       0x2c bn_hw_dmg_audio.o
                0x08009a58                bn::hw::dmg_audio::music_position(int&, int&)
 .text._ZN2bn2hw9dmg_audio6commitEv
                0x08009a84       0x34 bn_hw_dmg_audio.o
                0x08009a84                bn::hw::dmg_audio::commit()
 .text._ZN3_bn6assert9show_argsIA47_ciEEvPKcS4_S4_iRKT_RKT0_
                0x08009ab8       0x54 bn_hw_dmg_audio.o
                0x08009ab8                void _bn::assert::show_args<char [47], int>(char const*, char const*, char const*, int, char const (&) [47], int const&)
 .text._ZN2bn2hw9dmg_audio10play_musicEPKvNS_14dmg_music_typeEib
                0x08009b0c       0x84 bn_hw_dmg_audio.o
                0x08009b0c                bn::hw::dmg_audio::play_music(void const*, bn::dmg_music_type, int, bool)
 .text._ZN2bn2hw9dmg_audio18set_music_positionEii
                0x08009b90       0x4c bn_hw_dmg_audio.o
                0x08009b90                bn::hw::dmg_audio::set_music_position(int, int)
 .text._ZN2bn2hw9dmg_audio16set_music_volumeENS_7fixed_tILi12EEES3_
                0x08009bdc       0x50 bn_hw_dmg_audio.o
                0x08009bdc                bn::hw::dmg_audio::set_music_volume(bn::fixed_t<12>, bn::fixed_t<12>)
 .text._ZN3_bn6assert9show_argsIA20_cjEEvPKcS4_S4_iRKT_RKT0_
                0x08009c2c       0x54 bn_hw_dmg_audio.o
                0x08009c2c                void _bn::assert::show_args<char [20], unsigned int>(char const*, char const*, char const*, int, char const (&) [20], unsigned int const&)
 .text._ZN2bn2hw9dmg_audio19check_commit_resultEv
                0x08009c80       0x38 bn_hw_dmg_audio.o
                0x08009c80                bn::hw::dmg_audio::check_commit_result()
 .text._ZN2bn2hw4gpio4initEv
                0x08009cb8        0x8 bn_hw_gpio.bn_noflto.o
                0x08009cb8                bn::hw::gpio::init()
 .text._ZN2bn2hw4link12_GLOBAL__N_1L19_resetStateCallbackEv
                0x08009cc0       0x4c bn_hw_link.o
 .text._ZN2bn2hw4link4initEv
                0x08009d0c      0x100 bn_hw_link.o
                0x08009d0c                bn::hw::link::init()
 .text._ZN2bn2hw4link6activeEv
                0x08009e0c       0x10 bn_hw_link.o
                0x08009e0c                bn::hw::link::active()
 .text._ZN2bn2hw4link7disableEv
                0x08009e1c       0x6c bn_hw_link.o
                0x08009e1c                bn::hw::link::disable()
 .text._ZN2bn2hw4link6commitEv
                0x08009e88       0x28 bn_hw_link.o
                0x08009e88                bn::hw::link::commit()
 .text._ZN2bn2hw4link11_timer_intrEv
                0x08009eb0       0xf8 bn_hw_link.o
                0x08009eb0                bn::hw::link::_timer_intr()
 .text._ZN2bn2hw4link12_serial_intrEv
                0x08009fa8      0x1d4 bn_hw_link.o
                0x08009fa8                bn::hw::link::_serial_intr()
 .text._ZN2bn2hw4link12_GLOBAL__N_1L17_sendDataCallbackEv
                0x0800a17c       0xd8 bn_hw_link.o
 .text._ZN2bn2hw4link12_GLOBAL__N_1L24_receiveResponseCallbackERKNS_2lc12LinkResponseE
                0x0800a254      0x148 bn_hw_link.o
 .text.startup._GLOBAL__sub_I__ZN2bn2hw4link4initEv
                0x0800a39c       0x6c bn_hw_link.o
 .text._ZN2bn2hw8palettes8contrastEPKNS_5colorEiiPS2_
                0x0800a408       0x18 bn_hw_palettes.o
                0x0800a408                bn::hw::palettes::contrast(bn::color const*, int, int, bn::color*)
 .text._ZN2bn2hw8palettes9intensityEPKNS_5colorEiiPS2_
                0x0800a420       0x18 bn_hw_palettes.o
                0x0800a420                bn::hw::palettes::intensity(bn::color const*, int, int, bn::color*)
 .text._ZN2bn2hw8palettes9hue_shiftEPKNS_5colorEiiPS2_
                0x0800a438      0x14c bn_hw_palettes.o
                0x0800a438                bn::hw::palettes::hue_shift(bn::color const*, int, int, bn::color*)
 .text._ZN2bn2hw8palettes6rotateEPKNS_5colorEiiPS2_
                0x0800a584       0x30 bn_hw_palettes.o
                0x0800a584                bn::hw::palettes::rotate(bn::color const*, int, int, bn::color*)
 .text._ZN2bn7istring6appendEPKci.isra.0
                0x0800a5b4       0xb4 bn_hw_show.o
 .text._ZN2bn2hw4show5errorERKNS_11system_fontERKNS_11string_viewES7_S7_iS7_S7_
                0x0800a668      0x284 bn_hw_show.o
                0x0800a668                bn::hw::show::error(bn::system_font const&, bn::string_view const&, bn::string_view const&, bn::string_view const&, int, bn::string_view const&, bn::string_view const&)
 .text._ZN2bn2hw4sram4initEv
                0x0800a8ec       0x18 bn_hw_sram.bn_noflto.o
                0x0800a8ec                bn::hw::sram::init()
 .text._ZN2bn11system_fontC2Ev
                0x0800a904       0x18 bn_hw_system_font.o
                0x0800a904                bn::system_font::system_font()
                0x0800a904                bn::system_font::system_font()
 .text._ZNK2bn11system_font8tte_fontEv
                0x0800a91c        0x4 bn_hw_system_font.o
                0x0800a91c                bn::system_font::tte_font() const
 .text._ZN2bn2hw4text5parseEjRNS_5arrayIcLi32EEE
                0x0800a920       0xa0 bn_hw_text.o
                0x0800a920                bn::hw::text::parse(unsigned int, bn::array<char, 32>&)
 .text._ZN2bn2hw4text5parseEiRNS_5arrayIcLi32EEE
                0x0800a9c0       0xbc bn_hw_text.o
                0x0800a9c0                bn::hw::text::parse(int, bn::array<char, 32>&)
 .text._Z7VgmStopv
                0x0800aa7c       0xc0 vgm.o
                0x0800aa7c                VgmStop()
 .text._Z7VgmPlayPKhb
                0x0800ab3c       0x28 vgm.o
                0x0800ab3c                VgmPlay(unsigned char const*, bool)
 .text._Z13VgmIntrVblankv
                0x0800ab64       0x84 vgm.o
                0x0800ab64                VgmIntrVblank()
 .text._Z9VgmActivev
                0x0800abe8       0x10 vgm.o
                0x0800abe8                VgmActive()
 .text._Z16VgmGetOffsetPlayv
                0x0800abf8        0xc vgm.o
                0x0800abf8                VgmGetOffsetPlay()
 .text._Z16VgmSetOffsetPlayj
                0x0800ac04       0x10 vgm.o
                0x0800ac04                VgmSetOffsetPlay(unsigned int)
 .text._Z8VgmPausev
                0x0800ac14       0x20 vgm.o
                0x0800ac14                VgmPause()
 .text._Z9VgmResumev
                0x0800ac34       0x18 vgm.o
                0x0800ac34                VgmResume()
 .text.clr_grayscale
                0x0800ac4c       0x7c tonc_color.o
                0x0800ac4c                clr_grayscale
 .text.sbmp16_rect
                0x0800acc8       0x6c tonc_sbmp16.o
                0x0800acc8                sbmp16_rect
 .text.bmp16_drawg_b1cts
                0x0800ad34       0xb8 bmp16_drawg_b1cs.o
                0x0800ad34                bmp16_drawg_b1cts
 .text.bmp16_erase
                0x0800adec       0x24 tte_init_bmp.o
                0x0800adec                bmp16_erase
 .text.tte_init_bmp
                0x0800ae10       0x60 tte_init_bmp.o
                0x0800ae10                tte_init_bmp
 .text.dummy_drawg
                0x0800ae70        0x4 tte_main.o
                0x0800ae70                dummy_drawg
 .text.dummy_erase
                0x0800ae74        0x4 tte_main.o
                0x0800ae74                dummy_erase
 .text.tte_init_base
                0x0800ae78       0x68 tte_main.o
                0x0800ae78                tte_init_base
 .text.utf8_decode_char
                0x0800aee0       0xb8 tte_main.o
                0x0800aee0                utf8_decode_char
 .text.tte_write
                0x0800af98       0xd4 tte_main.o
                0x0800af98                tte_write
 .text.tte_get_text_size
                0x0800b06c       0xa0 tte_main.o
                0x0800b06c                tte_get_text_size
 .text.tte_set_margins
                0x0800b10c       0x14 tte_main.o
                0x0800b10c                tte_set_margins
 .text.IRQ_Init
                0x0800b120       0x48 interrupts_gba.o
                0x0800b120                IRQ_Init
 .text.IRQ_SetHandler
                0x0800b168        0xc interrupts_gba.o
                0x0800b168                IRQ_SetHandler
 .text.IRQ_Enable
                0x0800b174       0x64 interrupts_gba.o
                0x0800b174                IRQ_Enable
 .text.IRQ_Disable
                0x0800b1d8       0x60 interrupts_gba.o
                0x0800b1d8                IRQ_Disable
 .text.channel3_refresh_registers
                0x0800b238       0xc8 gbt_player.o
 .text.gbt_refresh_pattern_ptr
                0x0800b300       0x80 gbt_player.o
 .text.gbt_ch1234_nop
                0x0800b380        0x4 gbt_player.o
 .text.gbt_ch1234_speed
                0x0800b384       0x10 gbt_player.o
 .text.gbt_ch1234_jump_pattern
                0x0800b394       0x14 gbt_player.o
 .text.gbt_ch1234_jump_position
                0x0800b3a8       0x1c gbt_player.o
 .text.gbt_ch1234_event
                0x0800b3c4       0x24 gbt_player.o
 .text.gbt_ch1_pan
                0x0800b3e8       0x10 gbt_player.o
 .text.gbt_ch1_cut_note
                0x0800b3f8       0x10 gbt_player.o
 .text.gbt_ch1_arpeggio
                0x0800b408       0x38 gbt_player.o
 .text.gbt_ch1_vibrato
                0x0800b440       0x20 gbt_player.o
 .text.gbt_ch1_volslide
                0x0800b460       0x10 gbt_player.o
 .text.gbt_ch2_pan
                0x0800b470       0x10 gbt_player.o
 .text.gbt_ch2_cut_note
                0x0800b480       0x10 gbt_player.o
 .text.gbt_ch2_arpeggio
                0x0800b490       0x38 gbt_player.o
 .text.gbt_ch2_vibrato
                0x0800b4c8       0x20 gbt_player.o
 .text.gbt_ch2_volslide
                0x0800b4e8       0x10 gbt_player.o
 .text.gbt_ch3_pan
                0x0800b4f8       0x10 gbt_player.o
 .text.gbt_ch3_cut_note
                0x0800b508       0x10 gbt_player.o
 .text.gbt_ch3_arpeggio
                0x0800b518       0x38 gbt_player.o
 .text.gbt_ch3_vibrato
                0x0800b550       0x20 gbt_player.o
 .text.gbt_ch4_pan
                0x0800b570       0x14 gbt_player.o
 .text.gbt_ch4_cut_note
                0x0800b584       0x10 gbt_player.o
 .text.gbt_ch4_volslide
                0x0800b594       0x10 gbt_player.o
 .text.gbt_update_refresh_panning
                0x0800b5a4       0x54 gbt_player.o
 .text.gbt_run_startup_commands.part.0
                0x0800b5f8       0xc8 gbt_player.o
 .text.gbt_update_effects_internal
                0x0800b6c0      0x2cc gbt_player.o
 .text.gbt_play
                0x0800b98c      0x1dc gbt_player.o
                0x0800b98c                gbt_play
 .text.gbt_volume
                0x0800bb68       0x68 gbt_player.o
                0x0800bb68                gbt_volume
 .text.gbt_is_playing
                0x0800bbd0        0xc gbt_player.o
                0x0800bbd0                gbt_is_playing
 .text.gbt_pause
                0x0800bbdc       0x48 gbt_player.o
                0x0800bbdc                gbt_pause
 .text.gbt_loop
                0x0800bc24        0xc gbt_player.o
                0x0800bc24                gbt_loop
 .text.gbt_stop
                0x0800bc30       0x24 gbt_player.o
                0x0800bc30                gbt_stop
 .text.gbt_update
                0x0800bc54      0x65c gbt_player.o
                0x0800bc54                gbt_update
 .text.gbt_get_position_unsafe
                0x0800c2b0       0x24 gbt_player.o
                0x0800c2b0                gbt_get_position_unsafe
 .text.gbt_set_position
                0x0800c2d4       0xf0 gbt_player.o
                0x0800c2d4                gbt_set_position
 .text          0x0800c3c4       0x8c tonc_bios.o
                0x0800c3c4                SoftReset
                0x0800c3c8                RegisterRamReset
                0x0800c3cc                Halt
                0x0800c3d0                Stop
                0x0800c3d4                IntrWait
                0x0800c3d8                VBlankIntrWait
                0x0800c3dc                Div
                0x0800c3e0                DivArm
                0x0800c3e4                Sqrt
                0x0800c3e8                ArcTan
                0x0800c3ec                ArcTan2
                0x0800c3f0                CpuSet
                0x0800c3f4                CpuFastSet
                0x0800c3f8                BiosCheckSum
                0x0800c3fc                BgAffineSet
                0x0800c400                ObjAffineSet
                0x0800c404                BitUnPack
                0x0800c408                LZ77UnCompWram
                0x0800c40c                LZ77UnCompVram
                0x0800c410                HuffUnComp
                0x0800c414                RLUnCompWram
                0x0800c418                RLUnCompVram
                0x0800c41c                Diff8bitUnFilterWram
                0x0800c420                Diff8bitUnFilterVram
                0x0800c424                Diff16bitUnFilter
                0x0800c428                SoundBias
                0x0800c42c                SoundDriverInit
                0x0800c430                SoundDriverMode
                0x0800c434                SoundDriverMain
                0x0800c438                SoundDriverVSync
                0x0800c43c                SoundChannelClear
                0x0800c440                MidiKey2Freq
                0x0800c444                MultiBoot
                0x0800c448                SoundDriverVSyncOff
                0x0800c44c                SoundDriverVSyncOn
 .text          0x0800c450       0x3c tonc_memset.o
                0x0800c450                memset16
 .text          0x0800c48c      0x26c posprintf.o
                0x0800c490                posprintf
 .text          0x0800c6f8      0x314 mm_effect.o
                0x0800c6f8                mmResetEffects
                0x0800c724                mmEffect
                0x0800c73a                mmEffectEx
                0x0800c83a                mmEffectActive
                0x0800c86e                mmEffectVolume
                0x0800c88a                mmEffectPanning
                0x0800c89e                mmEffectRate
                0x0800c8b2                mmEffectCancel
                0x0800c8ec                mmEffectRelease
                0x0800c912                mmEffectScaleRate
                0x0800c926                mmSetEffectsVolume
                0x0800c934                mmEffectCancelAll
                0x0800c974                mmUpdateEffects
 .text          0x0800ca0c       0x14 mm_main.o
                0x0800ca0c                mpp_call_r7
                0x0800ca0e                mpp_call_r1
                0x0800ca10                mpp_call_r2
                0x0800ca12                mpp_call_r3
                0x0800ca14                mmSetEventHandler
 .text          0x0800ca20     0x1570 mm_mas.o
                0x0800ca94                mmStart
                0x0800cab4                mmJingle
                0x0800caba                mmPlayModule
                0x0800cb84                mmPause
                0x0800cba0                mmResume
                0x0800cbb0                mmActive
                0x0800cbb6                mmActiveSub
                0x0800cbbc                mmSetModuleVolume
                0x0800cbcc                mmSetJingleVolume
                0x0800cc08                mmGetPositionTick
                0x0800cc0e                mmGetPositionRow
                0x0800cc14                mmGetPosition
                0x0800cc1a                mmPosition
                0x0800cc34                mmSetModuleTempo
                0x0800cc66                mmSetModulePitch
                0x0800cca8                mmStop
                0x0800cd6e                mppUpdateSub
                0x0800ceca                mpp_Process_VolumeCommand
                0x0800d102                mpp_Process_Effect
                0x0800d850                ST3_FREQTABLE
                0x0800dc70                IT_PitchTable
 .text          0x0800df90      0x12c mm_main_gba.o
                0x0800df90                mmInit
                0x0800dfe4                mmSetVBlankHandler
                0x0800dfea                mmFrame
 .text          0x0800e0bc      0x1e0 mm_mixer_gba.o
                0x0800e0bc                mmMixerSetSource
                0x0800e0d0                mmMixerSetRead
                0x0800e0de                mmMixerSetFreq
                0x0800e0ee                mmMixerMulFreq
                0x0800e102                mmMixerStopChannel
                0x0800e114                mmMixerChannelActive
                0x0800e126                mmMixerSetVolume
                0x0800e134                mmMixerSetPan
                0x0800e142                mmMixerInit
 .text          0x0800e29c       0x3c /opt/devkitpro/devkitARM/bin/../lib/gcc/arm-none-eabi/15.1.0/thumb/libgcc.a(_call_via_rX.o)
                0x0800e29c                _call_via_r0
                0x0800e2a0                _call_via_r1
                0x0800e2a4                _call_via_r2
                0x0800e2a8                _call_via_r3
                0x0800e2ac                _call_via_r4
                0x0800e2b0                _call_via_r5
                0x0800e2b4                _call_via_r6
                0x0800e2b8                _call_via_r7
                0x0800e2bc                _call_via_r8
                0x0800e2c0                _call_via_r9
                0x0800e2c4                _call_via_sl
                0x0800e2c8                _call_via_fp
                0x0800e2cc                _call_via_ip
                0x0800e2d0                _call_via_sp
                0x0800e2d4                _call_via_lr
 .text.__stub   0x0800e2d8       0xe8 linker stubs
 *(.gnu.linkonce.t.*)
 *(.text.*personality*)
 *(.gnu.warning)
 *(.glue_7t)
 .glue_7t       0x0800e408        0x0 linker stubs
 *(.glue_7)
 .glue_7        0x0800e408        0x0 linker stubs
 *(.vfp11_veneer)
 .vfp11_veneer  0x0800e408        0x0 linker stubs
                0x0800e408                        . = ALIGN (0x4)
                0x0800e408                        __text_end = .

.v4_bx          0x0800e408        0x0
 .v4_bx         0x0800e408        0x0 linker stubs

.iplt           0x0800e408        0x0
 .iplt          0x0800e408        0x0 /opt/devkitpro/devkitARM/bin/../lib/gcc/arm-none-eabi/15.1.0/../../../../arm-none-eabi/lib/thumb/gba_crt0.o

.fini           0x0800e408        0xc
 *(.fini)
 .fini          0x0800e408        0x4 /opt/devkitpro/devkitARM/bin/../lib/gcc/arm-none-eabi/15.1.0/thumb/crti.o
                0x0800e408                _fini
 .fini          0x0800e40c        0x8 /opt/devkitpro/devkitARM/bin/../lib/gcc/arm-none-eabi/15.1.0/thumb/crtn.o
                0x0800e414                        . = ALIGN (0x4)

.rodata         0x0800e414     0x2ee4
 *(.rodata)
 .rodata        0x0800e414        0x8 bn_core.o
 .rodata        0x0800e41c       0x10 bn_sprite_tiles_manager.o
 .rodata        0x0800e42c       0x90 gbt_player.o
 .rodata        0x0800e4bc      0xef8 verdana9.o
                0x0800e4bc                verdana9Font
                0x0800e4d4                verdana9Glyphs
                0x0800f2d4                verdana9Widths
 *all.rodata*(*)
 *(.roda)
 *(.rodata.*)
 .rodata.bn_audio_soundbank_bin
                0x0800f3b4        0xc bn_audio_soundbank.bin.o
                0x0800f3b4                bn_audio_soundbank_bin
                0x0800f3c0                bn_audio_soundbank_bin_end
 .rodata._ZN2bn13audio_manager10play_musicENS_10music_itemENS_7fixed_tILi12EEEb.str1.4
                0x0800f3c0      0xed5 bn_audio_manager.bn_noflto.o
                                 0x51 (size before relaxing)
 .rodata._ZN2bn9dmg_music8positionEv.str1.4
                0x08010295       0x31 bn_audio_manager.bn_noflto.o
 .rodata._ZN2bn9dmg_music12set_positionEii.str1.4
                0x08010295       0x76 bn_audio_manager.bn_noflto.o
 .rodata._ZN2bn13audio_manager16execute_commandsEv.str1.4
                0x08010295       0x5e bn_audio_manager.bn_noflto.o
 *fill*         0x08010295        0x3 ff
 .rodata._ZN2bn13audio_manager16execute_commandsEv
                0x08010298       0x64 bn_audio_manager.bn_noflto.o
 .rodata._ZN2bn18best_fit_allocatorD2Ev.str1.4
                0x080102fc       0x4b bn_best_fit_allocator.o
 .rodata._ZN2bn18best_fit_allocator5allocEi.str1.4
                0x080102fc       0x24 bn_best_fit_allocator.o
 .rodata._ZN2bn18best_fit_allocator5resetEPvi.str1.4
                0x080102fc       0x81 bn_best_fit_allocator.o
 .rodata._ZNK2bn19regular_bg_map_item10decompressENS_4spanItEE.str1.4
                0x080102fc      0x107 bn_bg_blocks_manager.o
 .rodata._ZN2bn17bg_blocks_manager17regular_map_tilesEi.str1.4
                0x080102fc       0x32 bn_bg_blocks_manager.o
 .rodata._ZN2bn17bg_blocks_manager14palette_offsetEi.str1.4
                0x080102fc        0xb bn_bg_blocks_manager.o
 .rodata._ZN2bn18regular_bg_builder11release_mapEv.str1.4
                0x080102fc       0x36 bn_bgs_manager.o
 .rodata._ZNK2bn18regular_bg_builder11_dimensionsEv.str1.4
                0x080102fc        0xb bn_bgs_manager.o
 .rodata._ZN2bn11bgs_manager15set_regular_mapEPvONS_18regular_bg_map_ptrE.str1.4
                0x080102fc       0x52 bn_bgs_manager.o
 .rodata._ZN2bn11bgs_manager37fill_hblank_effect_regular_attributesEPvPKNS_21regular_bg_attributesEPt.str1.4
                0x080102fc       0x41 bn_bgs_manager.o
 .rodata._ZN2bn11bgs_manager36fill_hblank_effect_affine_attributesEPvPKNS_20affine_bg_attributesEPt.str1.4
                0x080102fc       0x25 bn_bgs_manager.o
 .rodata._ZN2bn11bgs_manager15rebuild_handlesEv.part.0.str1.4
                0x080102fc       0x4f bn_bgs_manager.o
 .rodata._ZN2bn11string_viewC2EPKc.str1.4
                0x080102fc       0x38 bn_core.o
 .rodata.str1.4
                0x080102fc        0xb bn_core.o
 .rodata._ZN2bn22hblank_effects_manager12_GLOBAL__N_1L10_is_uint32ENS0_12handler_typeE.str1.4
                0x080102fc       0x42 bn_hblank_effects_manager.o
 .rodata._ZN2bn22hblank_effects_manager12_GLOBAL__N_19item_type12check_updateEv.str1.4
                0x080102fc      0x155 bn_hblank_effects_manager.o
 .rodata._ZN2bn22hblank_effects_manager12_GLOBAL__N_19item_type12check_updateEv
                0x080102fc       0xa4 bn_hblank_effects_manager.o
 .rodata._ZN2bn22hblank_effects_manager6updateEv.str1.4
                0x080103a0       0x25 bn_hblank_effects_manager.o
 .rodata._ZN2bn22hblank_effects_manager4initEv.str1.4
                0x080103a0       0x27 bn_hblank_effects_manager.o
 .rodata._ZN2bn14keypad_manager6updateEv.str1.4
                0x080103a0       0x5b bn_keypad_manager.o
 .rodata._ZN2bn14keypad_manager4initERKNS_11string_viewE.str1.4
                0x080103a0       0x54 bn_keypad_manager.o
 .rodata._ZN2bn13palettes_bank12create_bpp_8ERKNS_4spanIKNS_5colorEEENS_16compression_typeEb.str1.4
                0x080103a0       0xcb bn_palettes_manager.o
 .rodata._ZN2bn14iunordered_mapItsNS_15identity_hasherENS_8equal_toItEEE21insert_or_assign_hashEjOSt4pairIKtsE.isra.0.str1.4
                0x080103a0       0x66 bn_palettes_manager.o
 .rodata._ZN2bn26sprite_affine_mats_manager22reserve_sprite_handlesEi.str1.4
                0x080103a0       0x72 bn_sprite_affine_mats_manager.o
 .rodata._ZN2bn26sprite_affine_mats_manager12_GLOBAL__N_1L15_new_item_indexEv.str1.4
                0x080103a0       0x69 bn_sprite_affine_mats_manager.o
 .rodata._ZN2bn26sprite_affine_mats_manager15decrease_usagesEi.part.0.str1.4
                0x080103a0       0x1b bn_sprite_affine_mats_manager.o
 .rodata._ZN2bn26sprite_affine_mats_manager14dettach_spriteEiRNS_24intrusive_list_node_typeE.str1.4
                0x080103a0       0x22 bn_sprite_affine_mats_manager.o
 .rodata._ZN2bn14sprite_builder20set_blending_enabledEb.str1.4
                0x080103a0       0x6a bn_sprites_manager.o
 .rodata._ZN2bn15sprites_manager20set_blending_enabledEPvb.str1.4
                0x080103a0       0x17 bn_sprites_manager.o
 .rodata._ZNK2bn17sprite_shape_size6heightEv.isra.0.str1.4
                0x080103a0       0x40 bn_sprites_manager.o
 .rodata._ZNK2bn17sprite_shape_size5widthEv.isra.0.str1.4
                0x080103a0        0x6 bn_sprites_manager.o
 .rodata._ZN2bn15sprites_manager12_GLOBAL__N_1L18_remove_affine_matERNS_20sprites_manager_itemE.str1.4
                0x080103a0       0x32 bn_sprites_manager.o
 .rodata._ZN2bn14sprite_builderC2ERKNS_17sprite_shape_sizeENS_16sprite_tiles_ptrENS_18sprite_palette_ptrE.str1.4
                0x080103a0       0x6e bn_sprites_manager.o
 .rodata._ZN2bn15sprites_manager6updateEv.str1.4
                0x080103a0       0x2f bn_sprites_manager.o
 .rodata._ZN2bn15sprites_manager35fill_hblank_effect_third_attributesENS_17sprite_shape_sizeEPKNS_23sprite_third_attributesEPt.str1.4
                0x080103a0       0x93 bn_sprites_manager.o
 .rodata._ZN2bn2hw7sprites12_GLOBAL__N_1L10_obj_sizesE
                0x080103a0       0x18 bn_sprites_manager.o
 .rodata._ZN2bn20sprite_tiles_manager12_GLOBAL__N_1L10_hw_commitEPKNS_4tileENS_16compression_typeEii.str1.4
                0x080103b8       0x47 bn_sprite_tiles_manager.o
 .rodata._ZN2bn20sprite_tiles_manager12_GLOBAL__N_1L22_insert_to_commit_itemEiRNS1_9item_typeE.part.0.str1.4
                0x080103b8       0x27 bn_sprite_tiles_manager.o
 .rodata._ZN2bn20sprite_tiles_manager12_GLOBAL__N_1L17_insert_free_itemEiPt.str1.4
                0x080103b8       0x41 bn_sprite_tiles_manager.o
 .rodata._ZN2bn20sprite_tiles_manager12_GLOBAL__N_1L16_erase_free_itemEi.str1.4
                0x080103b8       0x40 bn_sprite_tiles_manager.o
 .rodata._ZN2bn20sprite_tiles_manager12_GLOBAL__N_1L21_erase_items_map_itemEPKNS_4tileE.str1.4
                0x080103b8       0x3a bn_sprite_tiles_manager.o
 .rodata._ZN3_bn6assert9show_argsIJA19_ciA4_ciEEEvPKcS5_S5_iDpRKT_.str1.4
                0x080103b8       0x43 bn_sstream.o
 .rodata._ZN2bn7istring6appendEPKc.isra.0.str1.4
                0x080103b8       0x38 bn_sstream.o
 .rodata._ZN2bn13ostringstream6appendEi.str1.4
                0x080103b8       0x32 bn_sstream.o
 .rodata._ZN2bn18igeneric_pool_baseD2Ev.str1.4
                0x080103b8       0x42 bn_translation_unit.o
 .rodata._ZN2bn18igeneric_pool_base9_allocateEv.str1.4
                0x080103b8       0x19 bn_translation_unit.o
 .rodata._ZN2bn2hw5audio15set_sound_speedEtNS_7fixed_tILi12EEES3_.str1.4
                0x080103b8       0x4b bn_hw_audio.o
 .rodata._ZN2bn2hw5audio12_GLOBAL__N_1L19_add_sound_to_queueEit.str1.4
                0x080103b8       0x21 bn_hw_audio.o
 .rodata._ZN2bn2hw5audio12_GLOBAL__N_1L19_check_sounds_queueEi.str1.4
                0x080103b8       0x61 bn_hw_audio.o
 .rodata._ZN2bn2hw5audio19update_sounds_queueEv.str1.4
                0x080103b8        0xc bn_hw_audio.o
 .rodata.__cxa_pure_virtual.str1.4
                0x080103b8       0x4f bn_hw_common.bn_noflto.o
 .rodata.__aeabi_idiv0.str1.4
                0x080103b8       0x38 bn_hw_common.bn_noflto.o
 .rodata._ZN2bn2hw9dmg_audio10play_musicEPKvNS_14dmg_music_typeEib.str1.4
                0x080103b8       0x67 bn_hw_dmg_audio.o
 .rodata._ZN2bn2hw9dmg_audio18set_music_positionEii.str1.4
                0x080103b8       0x26 bn_hw_dmg_audio.o
 .rodata._ZN2bn2hw9dmg_audio16set_music_volumeENS_7fixed_tILi12EEES3_.str1.4
                0x080103b8       0x42 bn_hw_dmg_audio.o
 .rodata._ZN2bn2hw9dmg_audio19check_commit_resultEv.str1.4
                0x080103b8       0x28 bn_hw_dmg_audio.o
 .rodata._ZN2bn2hw8game_pak12_GLOBAL__N_1L8rom_dataE
                0x080103b8        0xc bn_hw_game_pak.bn_ewram.o
 .rodata._ZN2bn2hw4gpio12_GLOBAL__N_1L10rtc_stringE
                0x080103c4        0xc bn_hw_gpio.bn_noflto.o
 .rodata._ZN2bn2hw4link4sendEi.str1.4
                0x080103d0       0x2b bn_hw_link.o
 .rodata._ZN2bn2hw8palettes12_GLOBAL__N_1L13hue_shift_lutE
                0x080103d0      0x4a4 bn_hw_palettes.o
 .rodata._ZN2bn2hw8palettes12_GLOBAL__N_1L13intensity_lutE
                0x08010874      0x420 bn_hw_palettes.o
 .rodata._ZN2bn2hw8palettes12_GLOBAL__N_1L12contrast_lutE
                0x08010c94      0x420 bn_hw_palettes.o
 .rodata._ZN2bn7istring6appendEPKci.isra.0.str1.4
                0x080110b4       0xaf bn_hw_show.o
 .rodata._ZN2bn2hw4show5errorERKNS_11system_fontERKNS_11string_viewES7_S7_iS7_S7_.str1.4
                0x080110b4       0x54 bn_hw_show.o
 .rodata._ZN2bn2hw4sram12_GLOBAL__N_1L11save_stringE
                0x080110b4        0xa bn_hw_sram.bn_noflto.o
 .rodata._ZN2bn2hw4text5parseEjRNS_5arrayIcLi32EEE.str1.4
                0x080110be        0x7 bn_hw_text.o
 *fill*         0x080110be        0x2 ff
 .rodata.m3_surface
                0x080110c0       0x14 tonc_sbmp16.o
                0x080110c0                m3_surface
 .rodata.srf.0  0x080110d4       0x14 tte_main.o
 .rodata.gbt_refresh_pattern_ptr.str1.4
                0x080110e8        0x9 gbt_player.o
 .rodata.gbt_ch4_jump_table
                0x080110e8       0x40 gbt_player.o
 .rodata.gbt_ch3_jump_table
                0x08011128       0x40 gbt_player.o
 .rodata.gbt_ch2_jump_table
                0x08011168       0x40 gbt_player.o
 .rodata.gbt_ch1_jump_table
                0x080111a8       0x40 gbt_player.o
 .rodata.vibrato_sine
                0x080111e8       0x80 gbt_player.o
 .rodata.gbt_noise
                0x08011268       0x10 gbt_player.o
 .rodata.gbt_default_wave_7
                0x08011278       0x10 gbt_player.o
 .rodata.gbt_default_wave_6
                0x08011288       0x10 gbt_player.o
 .rodata.gbt_default_wave_5
                0x08011298       0x10 gbt_player.o
 .rodata.gbt_default_wave_4
                0x080112a8       0x10 gbt_player.o
 .rodata.gbt_default_wave_3
                0x080112b8       0x10 gbt_player.o
 .rodata.gbt_default_wave_2
                0x080112c8       0x10 gbt_player.o
 .rodata.gbt_default_wave_1
                0x080112d8       0x10 gbt_player.o
 .rodata.gbt_default_wave_0
                0x080112e8       0x10 gbt_player.o
 *(.gnu.linkonce.r*)
                0x080112f8                        . = ALIGN (0x4)

.ARM.extab
 *(.ARM.extab* .gnu.linkonce.armextab.*)
                0x080112f8                        __exidx_start = .

.ARM.exidx
 *(.ARM.exidx* .gnu.linkonce.armexidx.*)
                0x080112f8                        __exidx_end = .

.ctors          0x080112f8        0x0
 *crtbegin.o(.ctors)
 *(EXCLUDE_FILE(*crtend.o) .ctors)
 *(SORT_BY_NAME(.ctors.*))
 *(.ctors)
                0x080112f8                        . = ALIGN (0x4)

.dtors          0x080112f8        0x0
 *crtbegin.o(.dtors)
 *(EXCLUDE_FILE(*crtend.o) .dtors)
 *(SORT_BY_NAME(.dtors.*))
 *(.dtors)
                0x080112f8                        . = ALIGN (0x4)

.eh_frame       0x080112f8        0x4
 *(.eh_frame)
 .eh_frame      0x080112f8        0x0 /opt/devkitpro/devkitARM/bin/../lib/gcc/arm-none-eabi/15.1.0/thumb/crtbegin.o
 .eh_frame      0x080112f8        0x4 /opt/devkitpro/devkitARM/bin/../lib/gcc/arm-none-eabi/15.1.0/thumb/crtend.o
                0x080112fc                        . = ALIGN (0x4)

.gcc_except_table
                0x080112fc        0x0
 *(.gcc_except_table)
                0x080112fc                        . = ALIGN (0x4)
                0x080112fc                        __iwram_lma = .

.iwram          0x03000000     0x2250 load address 0x080112fc
                0x03000000                        __iwram_start__ = ABSOLUTE (.)
 *(.iwram .iwram*)
 .iwram         0x03000000      0x29c bn_sprites_manager.bn_iwram.o
                0x03000000                bn::sprites_manager::_check_items_on_screen(bn::intrusive_list<bn::sorted_sprites::layer>&)
                0x03000100                bn::sprites_manager::_rebuild_handles_impl(int, void*, bn::intrusive_list<bn::sorted_sprites::layer>&)
                0x03000190                bn::sprites_manager::_update_cameras_impl(bn::intrusive_list<bn::sorted_sprites::layer>&)
 .iwram         0x0300029c       0xc4 bn_hw_palettes.bn_iwram.o
                0x0300029c                bn::hw::palettes::brightness(bn::color const*, int, int, bn::color*)
                0x03000304                bn::hw::palettes::_lut_effect(bn::color const*, unsigned char const*, int, bn::color*)
 .iwram         0x03000360       0x6c bn_hw_bg_blocks.o
                0x03000360                bn_hw_bg_blocks_commit_half_words
                0x03000378                bn_hw_bg_blocks_commit_words
                0x03000390                bn_hw_bg_blocks_commit_blocks
 .iwram         0x030003cc       0xd0 bn_hw_hblank_effects.o
                0x030003cc                bn::hw::hblank_effects::_intr()
                0x03000498                bn::hw::hblank_effects::data
 .iwram         0x0300049c       0x70 clr_blend_fast.o
                0x0300049c                clr_blend_fast
 .iwram         0x0300050c       0x70 clr_fade_fast.o
                0x0300050c                clr_fade_fast
 .iwram         0x0300057c       0x4c tonc_memset.o
                0x0300057c                memset32
 .iwram         0x030005c8      0x134 irq_handler.o
                0x030005c8                IRQ_GlobalInterruptHandler
 .iwram.__aeabi_memcpy
                0x030006fc       0xc8 memcpy.o
                0x030006fc                __aeabi_memcpy
                0x03000734                __aeabi_memcpy4
                0x03000734                __aeabi_memcpy8
                0x030007a0                __agbabi_memcpy2
 .iwram.__agbabi_memcpy1
                0x030007c4       0x14 memcpy.o
                0x030007c4                __agbabi_memcpy1
 .iwram.memcpy  0x030007d8       0x10 memcpy.o
                0x030007d8                memcpy
 .iwram.__aeabi_memmove
                0x030007e8        0xc memmove.o
                0x030007e8                __aeabi_memmove
 .iwram.memmove
                0x030007f4       0x10 memmove.o
                0x030007f4                memmove
 .iwram.__aeabi_memset
                0x03000804       0x9c memset.o
                0x03000804                __aeabi_memset
                0x03000828                __aeabi_memset8
                0x03000828                __aeabi_memset4
                0x03000834                __agbabi_wordset4
                0x03000838                __agbabi_lwordset4
 .iwram.__agbabi_memset1
                0x030008a0       0x10 memset.o
                0x030008a0                __agbabi_memset1
 .iwram.memset  0x030008b0       0x1c memset.o
                0x030008b0                memset
 .iwram.__agbabi_rmemcpy
                0x030008cc       0xcc rmemcpy.o
                0x030008cc                __agbabi_rmemcpy
 .iwram.__agbabi_rmemcpy1
                0x03000998       0x14 rmemcpy.o
                0x03000998                __agbabi_rmemcpy1
 .iwram         0x030009ac       0x3c sdiv32.o
                0x030009ac                __aeabi_idiv
                0x030009ac                __aeabi_idivmod
 .iwram         0x030009e8      0x1e0 udiv32.o
                0x030009e8                __aeabi_uidiv
                0x030009e8                __aeabi_uidivmod
                0x030009f0                udiv32pastzero
                0x03000a44                div32Iteration
 .iwram         0x03000bc8      0x1ac lz77.o
                0x03000bc8                swi_LZ77UnCompWrite16bit
                0x03000bc8                swi_LZ77UnCompWrite8bit
 .iwram         0x03000d74       0xec running_length.o
                0x03000d74                swi_RLUnCompReadNormalWrite8bit
                0x03000dd4                swi_RLUnCompReadNormalWrite16bit
 .iwram         0x03000e60      0x648 mm_mas_arm.o
                0x03000e60                mmAllocChannel
                0x03000ed4                mmReadPattern
                0x03000fc0                mmUpdateChannel_T0
                0x03001200                mmUpdateChannel_TN
                0x030013a0                mmGetPeriod
                0x030013e4                note_table_oct
                0x03001402                note_table_mod
 .iwram         0x030014a8      0x554 mm_mas.o
                0x030014a8                mppProcessTick
                0x0300158c                mpp_Channel_NewNote
                0x0300166c                mpp_Update_ACHN_notest
 .iwram         0x030019fc        0x8 mm_main_gba.o
                0x030019fc                mpp_call_r7i
                0x030019fe                mpp_call_r2i
                0x03001a00                mpp_call_r1i
 .iwram         0x03001a04      0x838 mm_mixer_gba.o
                0x03001a08                mmVBlank
                0x03001a8c                mmMixerMix
 *fill*         0x0300223c        0x4 ff
 .iwram.__stub  0x03002240        0xc linker stubs
 *iwram.*(.text* .data*)
                0x0300224c                        . = ALIGN (0x4)
                0x03002250                        __iwram_end__ = ABSOLUTE (.)
                0x0801354c                        __data_lma = (__iwram_lma + SIZEOF (.iwram))

.bss            0x03002250      0x86c
                0x03002250                        __bss_start = ABSOLUTE (.)
                0x03002250                        __bss_start__ = ABSOLUTE (.)
 *(.dynbss)
 *(.gnu.linkonce.b*)
 *(.bss*)
 .bss.completed.1
                0x03002250        0x1 /opt/devkitpro/devkitARM/bin/../lib/gcc/arm-none-eabi/15.1.0/thumb/crtbegin.o
 *fill*         0x03002251        0x3 
 .bss.object.0  0x03002254       0x18 /opt/devkitpro/devkitARM/bin/../lib/gcc/arm-none-eabi/15.1.0/thumb/crtbegin.o
 .bss._ZN2bn22hblank_effects_manager12_GLOBAL__N_1L13internal_dataE
                0x0300226c       0xb0 bn_hblank_effects_manager.o
 .bss._ZN2bn2hw5audio12_GLOBAL__N_1L20maxmod_mixing_bufferE
                0x0300231c      0x420 bn_hw_audio.o
 .bss.fake_heap_end
                0x0300273c        0x4 bn_hw_cstdlib.o
                0x0300273c                fake_heap_end
 .bss.IRQ_VectorTable
                0x03002740       0x38 interrupts_gba.o
                0x03002740                IRQ_VectorTable
 .bss           0x03002778       0x2d mm_effect.o
                0x0300279c                mm_sfx_bitmask
                0x030027a0                mm_sfx_clearmask
 *fill*         0x030027a5        0x3 
 .bss           0x030027a8        0x8 mm_main.o
                0x030027a8                mmCallback
                0x030027ac                mm_ch_mask
 .bss           0x030027b0      0x148 mm_mas.o
                0x030027b0                mmLayerMain
                0x030027e8                mmLayerSub
                0x03002820                mpp_vars
                0x03002830                mpp_layerp
                0x03002834                mpp_channels
                0x03002844                mpp_nchannels
                0x03002845                mpp_clayer
                0x03002848                mm_achannels
                0x0300284c                mm_pchannels
                0x03002850                mm_num_mch
                0x03002854                mm_num_ach